Archive member included to satisfy reference by file (symbol)

c:/gcc-arm-none-eabi/bin/../lib/gcc/arm-none-eabi/12.3.1/thumb/v7-m/nofp\libc_nano.a(libc_a-atof.o)
                              ./Core/Src/l70.o (atof)
c:/gcc-arm-none-eabi/bin/../lib/gcc/arm-none-eabi/12.3.1/thumb/v7-m/nofp\libc_nano.a(libc_a-exit.o)
                              c:/gcc-arm-none-eabi/bin/../lib/gcc/arm-none-eabi/12.3.1/thumb/v7-m/nofp/crt0.o (exit)
c:/gcc-arm-none-eabi/bin/../lib/gcc/arm-none-eabi/12.3.1/thumb/v7-m/nofp\libc_nano.a(libc_a-malloc.o)
                              ./Core/Src/max30102.o (malloc)
c:/gcc-arm-none-eabi/bin/../lib/gcc/arm-none-eabi/12.3.1/thumb/v7-m/nofp\libc_nano.a(libc_a-mallocr.o)
                              c:/gcc-arm-none-eabi/bin/../lib/gcc/arm-none-eabi/12.3.1/thumb/v7-m/nofp\libc_nano.a(libc_a-malloc.o) (_malloc_r)
c:/gcc-arm-none-eabi/bin/../lib/gcc/arm-none-eabi/12.3.1/thumb/v7-m/nofp\libc_nano.a(libc_a-mlock.o)
                              c:/gcc-arm-none-eabi/bin/../lib/gcc/arm-none-eabi/12.3.1/thumb/v7-m/nofp\libc_nano.a(libc_a-mallocr.o) (__malloc_lock)
c:/gcc-arm-none-eabi/bin/../lib/gcc/arm-none-eabi/12.3.1/thumb/v7-m/nofp\libc_nano.a(libc_a-strtod.o)
                              c:/gcc-arm-none-eabi/bin/../lib/gcc/arm-none-eabi/12.3.1/thumb/v7-m/nofp\libc_nano.a(libc_a-atof.o) (strtod)
c:/gcc-arm-none-eabi/bin/../lib/gcc/arm-none-eabi/12.3.1/thumb/v7-m/nofp\libc_nano.a(libc_a-nano-vfprintf_float.o)
                              (_printf_float)
c:/gcc-arm-none-eabi/bin/../lib/gcc/arm-none-eabi/12.3.1/thumb/v7-m/nofp\libc_nano.a(libc_a-nano-vfprintf_i.o)
                              c:/gcc-arm-none-eabi/bin/../lib/gcc/arm-none-eabi/12.3.1/thumb/v7-m/nofp\libc_nano.a(libc_a-nano-vfprintf_float.o) (_printf_common)
c:/gcc-arm-none-eabi/bin/../lib/gcc/arm-none-eabi/12.3.1/thumb/v7-m/nofp\libc_nano.a(libc_a-findfp.o)
                              c:/gcc-arm-none-eabi/bin/../lib/gcc/arm-none-eabi/12.3.1/thumb/v7-m/nofp\libc_nano.a(libc_a-exit.o) (__stdio_exit_handler)
c:/gcc-arm-none-eabi/bin/../lib/gcc/arm-none-eabi/12.3.1/thumb/v7-m/nofp\libc_nano.a(libc_a-fwalk.o)
                              c:/gcc-arm-none-eabi/bin/../lib/gcc/arm-none-eabi/12.3.1/thumb/v7-m/nofp\libc_nano.a(libc_a-findfp.o) (_fwalk_sglue)
c:/gcc-arm-none-eabi/bin/../lib/gcc/arm-none-eabi/12.3.1/thumb/v7-m/nofp\libc_nano.a(libc_a-printf.o)
                              ./Core/Src/freertos.o (printf)
c:/gcc-arm-none-eabi/bin/../lib/gcc/arm-none-eabi/12.3.1/thumb/v7-m/nofp\libc_nano.a(libc_a-puts.o)
                              ./Core/Src/freertos.o (puts)
c:/gcc-arm-none-eabi/bin/../lib/gcc/arm-none-eabi/12.3.1/thumb/v7-m/nofp\libc_nano.a(libc_a-sscanf.o)
                              ./Core/Src/l70.o (sscanf)
c:/gcc-arm-none-eabi/bin/../lib/gcc/arm-none-eabi/12.3.1/thumb/v7-m/nofp\libc_nano.a(libc_a-stdio.o)
                              c:/gcc-arm-none-eabi/bin/../lib/gcc/arm-none-eabi/12.3.1/thumb/v7-m/nofp\libc_nano.a(libc_a-findfp.o) (__sread)
c:/gcc-arm-none-eabi/bin/../lib/gcc/arm-none-eabi/12.3.1/thumb/v7-m/nofp\libc_nano.a(libc_a-wbuf.o)
                              c:/gcc-arm-none-eabi/bin/../lib/gcc/arm-none-eabi/12.3.1/thumb/v7-m/nofp\libc_nano.a(libc_a-puts.o) (__swbuf_r)
c:/gcc-arm-none-eabi/bin/../lib/gcc/arm-none-eabi/12.3.1/thumb/v7-m/nofp\libc_nano.a(libc_a-wsetup.o)
                              c:/gcc-arm-none-eabi/bin/../lib/gcc/arm-none-eabi/12.3.1/thumb/v7-m/nofp\libc_nano.a(libc_a-puts.o) (__swsetup_r)
c:/gcc-arm-none-eabi/bin/../lib/gcc/arm-none-eabi/12.3.1/thumb/v7-m/nofp\libc_nano.a(libc_a-memset.o)
                              c:/gcc-arm-none-eabi/bin/../lib/gcc/arm-none-eabi/12.3.1/thumb/v7-m/nofp/crt0.o (memset)
c:/gcc-arm-none-eabi/bin/../lib/gcc/arm-none-eabi/12.3.1/thumb/v7-m/nofp\libc_nano.a(libc_a-strncmp.o)
                              c:/gcc-arm-none-eabi/bin/../lib/gcc/arm-none-eabi/12.3.1/thumb/v7-m/nofp\libc_nano.a(libc_a-strtod.o) (strncmp)
c:/gcc-arm-none-eabi/bin/../lib/gcc/arm-none-eabi/12.3.1/thumb/v7-m/nofp\libc_nano.a(libc_a-strstr.o)
                              ./Core/Src/l70.o (strstr)
c:/gcc-arm-none-eabi/bin/../lib/gcc/arm-none-eabi/12.3.1/thumb/v7-m/nofp\libc_nano.a(libc_a-locale.o)
                              c:/gcc-arm-none-eabi/bin/../lib/gcc/arm-none-eabi/12.3.1/thumb/v7-m/nofp\libc_nano.a(libc_a-strtod.o) (__global_locale)
c:/gcc-arm-none-eabi/bin/../lib/gcc/arm-none-eabi/12.3.1/thumb/v7-m/nofp\libc_nano.a(libc_a-localeconv.o)
                              c:/gcc-arm-none-eabi/bin/../lib/gcc/arm-none-eabi/12.3.1/thumb/v7-m/nofp\libc_nano.a(libc_a-nano-vfprintf_float.o) (_localeconv_r)
c:/gcc-arm-none-eabi/bin/../lib/gcc/arm-none-eabi/12.3.1/thumb/v7-m/nofp\libc_nano.a(libc_a-closer.o)
                              c:/gcc-arm-none-eabi/bin/../lib/gcc/arm-none-eabi/12.3.1/thumb/v7-m/nofp\libc_nano.a(libc_a-stdio.o) (_close_r)
c:/gcc-arm-none-eabi/bin/../lib/gcc/arm-none-eabi/12.3.1/thumb/v7-m/nofp\libc_nano.a(libc_a-reent.o)
[...]
Memory Configuration

Name             Origin             Length             Attributes
RAM              0x20000000         0x0000c000         xrw
FLASH            0x08000000         0x00040000         xr
*default*        0x00000000         0xffffffff

Linker script and memory map

LOAD c:/gcc-arm-none-eabi/bin/../lib/gcc/arm-none-eabi/12.3.1/thumb/v7-m/nofp/crti.o
LOAD c:/gcc-arm-none-eabi/bin/../lib/gcc/arm-none-eabi/12.3.1/thumb/v7-m/nofp/crtbegin.o
LOAD c:/gcc-arm-none-eabi/bin/../lib/gcc/arm-none-eabi/12.3.1/thumb/v7-m/nofp/crt0.o
LOAD ./Core/Src/adc.o
LOAD ./Core/Src/debug.o
LOAD ./Core/Src/dma.o
LOAD ./Core/Src/font.o
LOAD ./Core/Src/freertos.o
LOAD ./Core/Src/gpio.o
LOAD ./Core/Src/helperFunc.o
LOAD ./Core/Src/i2c.o
LOAD ./Core/Src/l70.o
LOAD ./Core/Src/lcd.o
LOAD ./Core/Src/main.o
LOAD ./Core/Src/max30102.o
LOAD ./Core/Src/mpu6050.o
LOAD ./Core/Src/spi.o
LOAD ./Core/Src/stm32f1xx_hal_msp.o
LOAD ./Core/Src/stm32f1xx_hal_timebase_tim.o
LOAD ./Core/Src/stm32f1xx_it.o
LOAD ./Core/Src/syscalls.o
LOAD ./Core/Src/sysmem.o
LOAD ./Core/Src/system_stm32f1xx.o
LOAD ./Core/Src/touch.o
LOAD ./Core/Src/usart.o
LOAD ./Core/Startup/startup_stm32f103rctx.o
LOAD ./Drivers/STM32F1xx_HAL_Driver/Src/stm32f1xx_hal.o
LOAD ./Drivers/STM32F1xx_HAL_Driver/Src/stm32f1xx_hal_adc.o
LOAD ./Drivers/STM32F1xx_HAL_Driver/Src/stm32f1xx_hal_adc_ex.o
LOAD ./Drivers/STM32F1xx_HAL_Driver/Src/stm32f1xx_hal_cortex.o
LOAD ./Drivers/STM32F1xx_HAL_Driver/Src/stm32f1xx_hal_dma.o
LOAD ./Drivers/STM32F1xx_HAL_Driver/Src/stm32f1xx_hal_exti.o
LOAD ./Drivers/STM32F1xx_HAL_Driver/Src/stm32f1xx_hal_flash.o
LOAD ./Drivers/STM32F1xx_HAL_Driver/Src/stm32f1xx_hal_flash_ex.o
LOAD ./Drivers/STM32F1xx_HAL_Driver/Src/stm32f1xx_hal_gpio.o
LOAD ./Drivers/STM32F1xx_HAL_Driver/Src/stm32f1xx_hal_gpio_ex.o
LOAD ./Drivers/STM32F1xx_HAL_Driver/Src/stm32f1xx_hal_i2c.o
LOAD ./Drivers/STM32F1xx_HAL_Driver/Src/stm32f1xx_hal_pwr.o
LOAD ./Drivers/STM32F1xx_HAL_Driver/Src/stm32f1xx_hal_rcc.o
LOAD ./Drivers/STM32F1xx_HAL_Driver/Src/stm32f1xx_hal_rcc_ex.o
LOAD ./Drivers/STM32F1xx_HAL_Driver/Src/stm32f1xx_hal_spi.o
LOAD ./Drivers/STM32F1xx_HAL_Driver/Src/stm32f1xx_hal_tim.o
LOAD ./Drivers/STM32F1xx_HAL_Driver/Src/stm32f1xx_hal_tim_ex.o
LOAD ./Drivers/STM32F1xx_HAL_Driver/Src/stm32f1xx_hal_uart.o
LOAD ./Middlewares/Third_Party/FreeRTOS/Source/CMSIS_RTOS_V2/cmsis_os2.o
LOAD ./Middlewares/Third_Party/FreeRTOS/Source/croutine.o
LOAD ./Middlewares/Third_Party/FreeRTOS/Source/event_groups.o
LOAD ./Middlewares/Third_Party/FreeRTOS/Source/list.o
LOAD ./Middlewares/Third_Party/FreeRTOS/Source/queue.o
LOAD ./Middlewares/Third_Party/FreeRTOS/Source/stream_buffer.o
LOAD ./Middlewares/Third_Party/FreeRTOS/Source/tasks.o
LOAD ./Middlewares/Third_Party/FreeRTOS/Source/timers.o
LOAD ./Middlewares/Third_Party/FreeRTOS/Source/portable/GCC/ARM_CM3/port.o
LOAD ./Middlewares/Third_Party/FreeRTOS/Source/portable/MemMang/heap_4.o
START GROUP
LOAD c:/gcc-arm-none-eabi/bin/../lib/gcc/arm-none-eabi/12.3.1/thumb/v7-m/nofp\libc_nano.a
LOAD c:/gcc-arm-none-eabi/bin/../lib/gcc/arm-none-eabi/12.3.1/thumb/v7-m/nofp\libm.a
END GROUP
START GROUP
LOAD c:/gcc-arm-none-eabi/bin/../lib/gcc/arm-none-eabi/12.3.1/thumb/v7-m/nofp\libgcc.a
LOAD c:/gcc-arm-none-eabi/bin/../lib/gcc/arm-none-eabi/12.3.1/thumb/v7-m/nofp\libc_nano.a
END GROUP
START GROUP
LOAD c:/gcc-arm-none-eabi/bin/../lib/gcc/arm-none-eabi/12.3.1/thumb/v7-m/nofp\libgcc.a
LOAD c:/gcc-arm-none-eabi/bin/../lib/gcc/arm-none-eabi/12.3.1/thumb/v7-m/nofp\libc_nano.a
LOAD c:/gcc-arm-none-eabi/bin/../lib/gcc/arm-none-eabi/12.3.1/thumb/v7-m/nofp\libnosys.a
END GROUP
START GROUP
LOAD c:/gcc-arm-none-eabi/bin/../lib/gcc/arm-none-eabi/12.3.1/thumb/v7-m/nofp\libgcc.a
LOAD c:/gcc-arm-none-eabi/bin/../lib/gcc/arm-none-eabi/12.3.1/thumb/v7-m/nofp\libc_nano.a
LOAD c:/gcc-arm-none-eabi/bin/../lib/gcc/arm-none-eabi/12.3.1/thumb/v7-m/nofp\libnosys.a
END GROUP
LOAD c:/gcc-arm-none-eabi/bin/../lib/gcc/arm-none-eabi/12.3.1/thumb/v7-m/nofp/crtend.o
LOAD c:/gcc-arm-none-eabi/bin/../lib/gcc/arm-none-eabi/12.3.1/thumb/v7-m/nofp/crtn.o
                0x2000c000                        _estack = (ORIGIN (RAM) + LENGTH (RAM))
                0x00000200                        _Min_Heap_Size = 0x200
                0x00000400                        _Min_Stack_Size = 0x400

.isr_vector     0x08000000      0x1e4
                0x08000000                        . = ALIGN (0x4)
 *(.isr_vector)
 .isr_vector    0x08000000      0x1e4 ./Core/Startup/startup_stm32f103rctx.o
                0x08000000                g_pfnVectors
                0x080001e4                        . = ALIGN (0x4)

.text           0x080001f0     0xa8f4
                0x080001f0                        . = ALIGN (0x4)
 *(.text)
 .text          0x080001f0       0x10 c:/gcc-arm-none-eabi/bin/../lib/gcc/arm-none-eabi/12.3.1/thumb/v7-m/nofp\libc_nano.a(libc_a-strlen.o)
                0x080001f0                strlen
 .text          0x08000200      0x378 c:/gcc-arm-none-eabi/bin/../lib/gcc/arm-none-eabi/12.3.1/thumb/v7-m/nofp\libgcc.a(_arm_addsubdf3.o)
                0x08000200                __aeabi_drsub
                0x08000208                __aeabi_dsub
                0x08000208                __subdf3
                0x0800020c                __aeabi_dadd
                0x0800020c                __adddf3
                0x08000484                __floatunsidf
                0x08000484                __aeabi_ui2d
                0x080004a4                __floatsidf
                0x080004a4                __aeabi_i2d
                0x080004c8                __aeabi_f2d
                0x080004c8                __extendsfdf2
                0x0800050c                __floatundidf
                0x0800050c                __aeabi_ul2d
                0x0800051c                __floatdidf
                0x0800051c                __aeabi_l2d
 .text          0x08000578      0x424 c:/gcc-arm-none-eabi/bin/../lib/gcc/arm-none-eabi/12.3.1/thumb/v7-m/nofp\libgcc.a(_arm_muldivdf3.o)
                0x08000578                __aeabi_dmul
                0x08000578                __muldf3
                0x080007cc                __divdf3
                0x080007cc                __aeabi_ddiv
 .text          0x0800099c      0x110 c:/gcc-arm-none-eabi/bin/../lib/gcc/arm-none-eabi/12.3.1/thumb/v7-m/nofp\libgcc.a(_arm_cmpdf2.o)
                0x0800099c                __gtdf2
                0x0800099c                __gedf2
                0x080009a4                __ltdf2
                0x080009a4                __ledf2
                0x080009ac                __nedf2
                0x080009ac                __eqdf2
                0x080009ac                __cmpdf2
                0x08000a28                __aeabi_cdrcmple
                0x08000a38                __aeabi_cdcmpeq
                0x08000a38                __aeabi_cdcmple
                0x08000a48                __aeabi_dcmpeq
                0x08000a5c                __aeabi_dcmplt
                0x08000a70                __aeabi_dcmple
                0x08000a84                __aeabi_dcmpge
                0x08000a98                __aeabi_dcmpgt
 .text          0x08000aac       0x2c c:/gcc-arm-none-eabi/bin/../lib/gcc/arm-none-eabi/12.3.1/thumb/v7-m/nofp\libgcc.a(_arm_unorddf2.o)
                0x08000aac                __unorddf2
                0x08000aac                __aeabi_dcmpun
 .text          0x08000ad8       0x50 c:/gcc-arm-none-eabi/bin/../lib/gcc/arm-none-eabi/12.3.1/thumb/v7-m/nofp\libgcc.a(_arm_fixdfsi.o)
                0x08000ad8                __aeabi_d2iz
                0x08000ad8                __fixdfsi
 .text          0x08000b28       0x40 c:/gcc-arm-none-eabi/bin/../lib/gcc/arm-none-eabi/12.3.1/thumb/v7-m/nofp\libgcc.a(_arm_fixunsdfsi.o)
                0x08000b28                __aeabi_d2uiz
                0x08000b28                __fixunsdfsi
 *(.text*)
 .text.deregister_tm_clones
                0x08000b68       0x1c c:/gcc-arm-none-eabi/bin/../lib/gcc/arm-none-eabi/12.3.1/thumb/v7-m/nofp/crtbegin.o
 .text.register_tm_clones
                0x08000b84       0x24 c:/gcc-arm-none-eabi/bin/../lib/gcc/arm-none-eabi/12.3.1/thumb/v7-m/nofp/crtbegin.o
 .text.__do_global_dtors_aux
                0x08000ba8       0x28 c:/gcc-arm-none-eabi/bin/../lib/gcc/arm-none-eabi/12.3.1/thumb/v7-m/nofp/crtbegin.o
 .text.frame_dummy
                0x08000bd0       0x24 c:/gcc-arm-none-eabi/bin/../lib/gcc/arm-none-eabi/12.3.1/thumb/v7-m/nofp/crtbegin.o
 .text.MX_ADC1_Init
                0x08000bf4       0x5c ./Core/Src/adc.o
                0x08000bf4                MX_ADC1_Init
 .text.HAL_ADC_MspInit
                0x08000c50       0x9c ./Core/Src/adc.o
                0x08000c50                HAL_ADC_MspInit
 .text.MX_DMA_Init
                0x08000cec       0x44 ./Core/Src/dma.o
                0x08000cec                MX_DMA_Init
 .text.DefaultTask
                0x08000d30       0xa8 ./Core/Src/freertos.o
                0x08000d30                DefaultTask
 .text.Display_Task
                0x08000dd8       0x44 ./Core/Src/freertos.o
                0x08000dd8                Display_Task
 .text.__io_putchar
                0x08000e1c       0x24 ./Core/Src/freertos.o
                0x08000e1c                __io_putchar
 .text.MX_FREERTOS_Init
                0x08000e40       0x50 ./Core/Src/freertos.o
                0x08000e40                MX_FREERTOS_Init
 .text.max30102_plot
                0x08000e90        0xc ./Core/Src/freertos.o
                0x08000e90                max30102_plot
 .text.MX_GPIO_Init
                0x08000e9c      0x160 ./Core/Src/gpio.o
                0x08000e9c                MX_GPIO_Init
 .text.MX_I2C1_Init
                0x08000ffc       0x3c ./Core/Src/i2c.o
                0x08000ffc                MX_I2C1_Init
 .text.HAL_I2C_MspInit
                0x08001038       0x64 ./Core/Src/i2c.o
                0x08001038                HAL_I2C_MspInit
 .text.ILI9341_SetAddressWindow
                0x0800109c      0x120 ./Core/Src/lcd.o
 .text.ILI9341_FillRectangle.part.0
                0x080011bc       0xe8 ./Core/Src/lcd.o
 .text.HAL_SPI_TxCpltCallback
                0x080012a4       0x10 ./Core/Src/lcd.o
                0x080012a4                HAL_SPI_TxCpltCallback
 .text.ILI9341_Init
                0x080012b4      0x728 ./Core/Src/lcd.o
                0x080012b4                ILI9341_Init
 .text.ILI9341_FillScreen
                0x080019dc       0x1c ./Core/Src/lcd.o
                0x080019dc                ILI9341_FillScreen
 .text.Display_SetEventHandler
                0x080019f8        0xc ./Core/Src/lcd.o
                0x080019f8                Display_SetEventHandler
 .text.SystemClock_Config
                0x08001a04       0x88 ./Core/Src/main.o
                0x08001a04                SystemClock_Config
 .text.startup.main
                0x08001a8c       0x40 ./Core/Src/main.o
                0x08001a8c                main
 .text.HAL_TIM_PeriodElapsedCallback
                0x08001acc       0x14 ./Core/Src/main.o
                0x08001acc                HAL_TIM_PeriodElapsedCallback
 .text.Error_Handler
                0x08001ae0        0x4 ./Core/Src/main.o
                0x08001ae0                Error_Handler
 .text.assert_failed
                0x08001ae4        0x4 ./Core/Src/main.o
                0x08001ae4                assert_failed
 .text.max30102_init
                0x08001ae8       0x2c ./Core/Src/max30102.o
                0x08001ae8                max30102_init
 .text.max30102_reset
                0x08001b14       0x34 ./Core/Src/max30102.o
                0x08001b14                max30102_reset
 .text.max30102_set_a_full
                0x08001b48       0x78 ./Core/Src/max30102.o
                0x08001b48                max30102_set_a_full
 .text.max30102_set_die_temp_rdy
                0x08001bc0       0x38 ./Core/Src/max30102.o
                0x08001bc0                max30102_set_die_temp_rdy
 .text.max30102_set_die_temp_en
                0x08001bf8       0x38 ./Core/Src/max30102.o
                0x08001bf8                max30102_set_die_temp_en
 .text.max30102_has_interrupt
                0x08001c30       0x4c ./Core/Src/max30102.o
                0x08001c30                max30102_has_interrupt
 .text.max30102_set_mode
                0x08001c7c      0x110 ./Core/Src/max30102.o
                0x08001c7c                max30102_set_mode
 .text.max30102_set_sampling_rate
                0x08001d8c       0x6c ./Core/Src/max30102.o
                0x08001d8c                max30102_set_sampling_rate
 .text.max30102_set_led_pulse_width
                0x08001df8       0x6c ./Core/Src/max30102.o
                0x08001df8                max30102_set_led_pulse_width
 .text.max30102_set_adc_resolution
                0x08001e64       0x74 ./Core/Src/max30102.o
                0x08001e64                max30102_set_adc_resolution
 .text.max30102_set_led_current_1
                0x08001ed8       0x58 ./Core/Src/max30102.o
                0x08001ed8                max30102_set_led_current_1
 .text.max30102_set_led_current_2
                0x08001f30       0x58 ./Core/Src/max30102.o
                0x08001f30                max30102_set_led_current_2
 .text.max30102_set_fifo_config
                0x08001f88       0x4c ./Core/Src/max30102.o
                0x08001f88                max30102_set_fifo_config
 .text.max30102_clear_fifo
                0x08001fd4       0xb4 ./Core/Src/max30102.o
                0x08001fd4                max30102_clear_fifo
 .text.max30102_read_fifo
                0x08002088      0x100 ./Core/Src/max30102.o
                0x08002088                max30102_read_fifo
 .text.max30102_interrupt_handler
                0x08002188       0xbc ./Core/Src/max30102.o
                0x08002188                max30102_interrupt_handler
 .text.MX_SPI1_Init
                0x08002244       0x44 ./Core/Src/spi.o
                0x08002244                MX_SPI1_Init
 .text.MX_SPI2_Init
                0x08002288       0x44 ./Core/Src/spi.o
                0x08002288                MX_SPI2_Init
 .text.HAL_SPI_MspInit
                0x080022cc      0x120 ./Core/Src/spi.o
                0x080022cc                HAL_SPI_MspInit
 .text.HAL_MspInit
                0x080023ec       0x50 ./Core/Src/stm32f1xx_hal_msp.o
                0x080023ec                HAL_MspInit
 .text.HAL_InitTick
                0x0800243c       0xa4 ./Core/Src/stm32f1xx_hal_timebase_tim.o
                0x0800243c                HAL_InitTick
 .text.NMI_Handler
                0x080024e0        0x4 ./Core/Src/stm32f1xx_it.o
                0x080024e0                NMI_Handler
 .text.HardFault_Handler
                0x080024e4        0x4 ./Core/Src/stm32f1xx_it.o
                0x080024e4                HardFault_Handler
 .text.MemManage_Handler
                0x080024e8        0x4 ./Core/Src/stm32f1xx_it.o
                0x080024e8                MemManage_Handler
 .text.BusFault_Handler
                0x080024ec        0x4 ./Core/Src/stm32f1xx_it.o
                0x080024ec                BusFault_Handler
 .text.UsageFault_Handler
                0x080024f0        0x4 ./Core/Src/stm32f1xx_it.o
                0x080024f0                UsageFault_Handler
 .text.DebugMon_Handler
                0x080024f4        0x4 ./Core/Src/stm32f1xx_it.o
                0x080024f4                DebugMon_Handler
 .text.DMA1_Channel1_IRQHandler
                0x080024f8        0xc ./Core/Src/stm32f1xx_it.o
                0x080024f8                DMA1_Channel1_IRQHandler
 .text.DMA1_Channel5_IRQHandler
                0x08002504        0xc ./Core/Src/stm32f1xx_it.o
                0x08002504                DMA1_Channel5_IRQHandler
 .text.EXTI9_5_IRQHandler
                0x08002510        0x8 ./Core/Src/stm32f1xx_it.o
                0x08002510                EXTI9_5_IRQHandler
 .text.SPI2_IRQHandler
                0x08002518        0xc ./Core/Src/stm32f1xx_it.o
                0x08002518                SPI2_IRQHandler
 .text.USART1_IRQHandler
                0x08002524        0xc ./Core/Src/stm32f1xx_it.o
                0x08002524                USART1_IRQHandler
 .text.USART2_IRQHandler
                0x08002530        0xc ./Core/Src/stm32f1xx_it.o
                0x08002530                USART2_IRQHandler
 .text.USART3_IRQHandler
                0x0800253c        0xc ./Core/Src/stm32f1xx_it.o
                0x0800253c                USART3_IRQHandler
 .text.UART4_IRQHandler
                0x08002548        0xc ./Core/Src/stm32f1xx_it.o
                0x08002548                UART4_IRQHandler
 .text.TIM7_IRQHandler
                0x08002554        0xc ./Core/Src/stm32f1xx_it.o
                0x08002554                TIM7_IRQHandler
 .text._getpid  0x08002560        0x4 ./Core/Src/syscalls.o
                0x08002560                _getpid
 .text._kill    0x08002564       0x14 ./Core/Src/syscalls.o
                0x08002564                _kill
 .text._exit    0x08002578        0xc ./Core/Src/syscalls.o
                0x08002578                _exit
 .text._read    0x08002584       0x1c ./Core/Src/syscalls.o
                0x08002584                _read
 .text._write   0x080025a0       0x1c ./Core/Src/syscalls.o
                0x080025a0                _write
 .text._close   0x080025bc        0x8 ./Core/Src/syscalls.o
                0x080025bc                _close
 .text._fstat   0x080025c4        0xc ./Core/Src/syscalls.o
                0x080025c4                _fstat
 .text._isatty  0x080025d0        0x4 ./Core/Src/syscalls.o
                0x080025d0                _isatty
 .text._lseek   0x080025d4        0x4 ./Core/Src/syscalls.o
                0x080025d4                _lseek
 .text._sbrk    0x080025d8       0x48 ./Core/Src/sysmem.o
                0x080025d8                _sbrk
 .text.SystemInit
                0x08002620        0x4 ./Core/Src/system_stm32f1xx.o
                0x08002620                SystemInit
 .text.MX_UART4_Init
                0x08002624       0x38 ./Core/Src/usart.o
                0x08002624                MX_UART4_Init
 .text.MX_USART1_UART_Init
                0x0800265c       0x38 ./Core/Src/usart.o
                0x0800265c                MX_USART1_UART_Init
 .text.MX_USART2_UART_Init
                0x08002694       0x38 ./Core/Src/usart.o
                0x08002694                MX_USART2_UART_Init
 .text.MX_USART3_UART_Init
                0x080026cc       0x38 ./Core/Src/usart.o
                0x080026cc                MX_USART3_UART_Init
 .text.HAL_UART_MspInit
                0x08002704      0x1d8 ./Core/Src/usart.o
                0x08002704                HAL_UART_MspInit
 .text.Reset_Handler
                0x080028dc       0x48 ./Core/Startup/startup_stm32f103rctx.o
                0x080028dc                Reset_Handler
 .text.Default_Handler
                0x08002924        0x2 ./Core/Startup/startup_stm32f103rctx.o
                0x08002924                RTC_Alarm_IRQHandler
                0x08002924                EXTI2_IRQHandler
                0x08002924                TIM8_TRG_COM_IRQHandler
                0x08002924                TIM8_CC_IRQHandler
                0x08002924                TIM1_CC_IRQHandler
                0x08002924                TIM6_IRQHandler
                0x08002924                PVD_IRQHandler
                0x08002924                SDIO_IRQHandler
                0x08002924                EXTI3_IRQHandler
                0x08002924                EXTI0_IRQHandler
                0x08002924                I2C2_EV_IRQHandler
                0x08002924                ADC1_2_IRQHandler
                0x08002924                SPI1_IRQHandler
                0x08002924                TAMPER_IRQHandler
                0x08002924                TIM8_UP_IRQHandler
                0x08002924                DMA2_Channel2_IRQHandler
                0x08002924                DMA1_Channel4_IRQHandler
                0x08002924                RTC_IRQHandler
                0x08002924                DMA1_Channel7_IRQHandler
                0x08002924                CAN1_RX1_IRQHandler
                0x08002924                UART5_IRQHandler
                0x08002924                ADC3_IRQHandler
                0x08002924                TIM4_IRQHandler
                0x08002924                DMA2_Channel1_IRQHandler
                0x08002924                I2C1_EV_IRQHandler
                0x08002924                DMA1_Channel6_IRQHandler
                0x08002924                TIM3_IRQHandler
                0x08002924                RCC_IRQHandler
                0x08002924                TIM1_TRG_COM_IRQHandler
                0x08002924                Default_Handler
                0x08002924                EXTI15_10_IRQHandler
                0x08002924                TIM5_IRQHandler
                0x08002924                EXTI4_IRQHandler
                0x08002924                USB_LP_CAN1_RX0_IRQHandler
                0x08002924                USB_HP_CAN1_TX_IRQHandler
                0x08002924                DMA1_Channel3_IRQHandler
                0x08002924                FSMC_IRQHandler
                0x08002924                TIM1_UP_IRQHandler
                0x08002924                WWDG_IRQHandler
                0x08002924                TIM2_IRQHandler
                0x08002924                TIM1_BRK_IRQHandler
                0x08002924                EXTI1_IRQHandler
                0x08002924                DMA2_Channel4_5_IRQHandler
                0x08002924                I2C2_ER_IRQHandler
                0x08002924                DMA1_Channel2_IRQHandler
                0x08002924                TIM8_BRK_IRQHandler
                0x08002924                CAN1_SCE_IRQHandler
                0x08002924                FLASH_IRQHandler
                0x08002924                SPI3_IRQHandler
                0x08002924                I2C1_ER_IRQHandler
                0x08002924                USBWakeUp_IRQHandler
                0x08002924                DMA2_Channel3_IRQHandler
 *fill*         0x08002926        0x2 
 .text.HAL_Init
                0x08002928       0x24 ./Drivers/STM32F1xx_HAL_Driver/Src/stm32f1xx_hal.o
                0x08002928                HAL_Init
 .text.HAL_IncTick
                0x0800294c       0x18 ./Drivers/STM32F1xx_HAL_Driver/Src/stm32f1xx_hal.o
                0x0800294c                HAL_IncTick
 .text.HAL_GetTick
                0x08002964        0xc ./Drivers/STM32F1xx_HAL_Driver/Src/stm32f1xx_hal.o
                0x08002964                HAL_GetTick
 .text.HAL_Delay
                0x08002970       0x24 ./Drivers/STM32F1xx_HAL_Driver/Src/stm32f1xx_hal.o
                0x08002970                HAL_Delay
 .text.HAL_ADC_ConfigChannel
                0x08002994      0x18c ./Drivers/STM32F1xx_HAL_Driver/Src/stm32f1xx_hal_adc.o
                0x08002994                HAL_ADC_ConfigChannel
 .text.ADC_ConversionStop_Disable
                0x08002b20       0x54 ./Drivers/STM32F1xx_HAL_Driver/Src/stm32f1xx_hal_adc.o
                0x08002b20                ADC_ConversionStop_Disable
 .text.HAL_ADC_Init
                0x08002b74      0x228 ./Drivers/STM32F1xx_HAL_Driver/Src/stm32f1xx_hal_adc.o
                0x08002b74                HAL_ADC_Init
 .text.HAL_NVIC_SetPriorityGrouping
                0x08002d9c       0x3c ./Drivers/STM32F1xx_HAL_Driver/Src/stm32f1xx_hal_cortex.o
                0x08002d9c                HAL_NVIC_SetPriorityGrouping
 .text.HAL_NVIC_SetPriority
                0x08002dd8       0x8c ./Drivers/STM32F1xx_HAL_Driver/Src/stm32f1xx_hal_cortex.o
                0x08002dd8                HAL_NVIC_SetPriority
 .text.HAL_NVIC_EnableIRQ
                0x08002e64       0x28 ./Drivers/STM32F1xx_HAL_Driver/Src/stm32f1xx_hal_cortex.o
                0x08002e64                HAL_NVIC_EnableIRQ
 .text.HAL_DMA_Init
                0x08002e8c      0x18c ./Drivers/STM32F1xx_HAL_Driver/Src/stm32f1xx_hal_dma.o
                0x08002e8c                HAL_DMA_Init
 .text.HAL_DMA_Start_IT
                0x08003018       0xa8 ./Drivers/STM32F1xx_HAL_Driver/Src/stm32f1xx_hal_dma.o
                0x08003018                HAL_DMA_Start_IT
 .text.HAL_DMA_Abort
                0x080030c0       0x48 ./Drivers/STM32F1xx_HAL_Driver/Src/stm32f1xx_hal_dma.o
                0x080030c0                HAL_DMA_Abort
 .text.HAL_DMA_Abort_IT
                0x08003108      0x13c ./Drivers/STM32F1xx_HAL_Driver/Src/stm32f1xx_hal_dma.o
                0x08003108                HAL_DMA_Abort_IT
 .text.HAL_DMA_IRQHandler
                0x08003244      0x2ac ./Drivers/STM32F1xx_HAL_Driver/Src/stm32f1xx_hal_dma.o
                0x08003244                HAL_DMA_IRQHandler
 .text.HAL_GPIO_Init
                0x080034f0      0x3ac ./Drivers/STM32F1xx_HAL_Driver/Src/stm32f1xx_hal_gpio.o
                0x080034f0                HAL_GPIO_Init
 .text.HAL_GPIO_WritePin
                0x0800389c       0x34 ./Drivers/STM32F1xx_HAL_Driver/Src/stm32f1xx_hal_gpio.o
                0x0800389c                HAL_GPIO_WritePin
 .text.HAL_GPIO_TogglePin
                0x080038d0       0x2c ./Drivers/STM32F1xx_HAL_Driver/Src/stm32f1xx_hal_gpio.o
                0x080038d0                HAL_GPIO_TogglePin
 .text.HAL_GPIO_EXTI_Callback
                0x080038fc        0x4 ./Drivers/STM32F1xx_HAL_Driver/Src/stm32f1xx_hal_gpio.o
                0x080038fc                HAL_GPIO_EXTI_Callback
 .text.HAL_GPIO_EXTI_IRQHandler
                0x08003900       0x18 ./Drivers/STM32F1xx_HAL_Driver/Src/stm32f1xx_hal_gpio.o
                0x08003900                HAL_GPIO_EXTI_IRQHandler
 .text.I2C_WaitOnFlagUntilTimeout
                0x08003918       0x98 ./Drivers/STM32F1xx_HAL_Driver/Src/stm32f1xx_hal_i2c.o
 .text.I2C_WaitOnMasterAddressFlagUntilTimeout
                0x080039b0       0x9c ./Drivers/STM32F1xx_HAL_Driver/Src/stm32f1xx_hal_i2c.o
 .text.I2C_WaitOnRXNEFlagUntilTimeout
                0x08003a4c       0x70 ./Drivers/STM32F1xx_HAL_Driver/Src/stm32f1xx_hal_i2c.o
 .text.I2C_WaitOnTXEFlagUntilTimeout
                0x08003abc       0x74 ./Drivers/STM32F1xx_HAL_Driver/Src/stm32f1xx_hal_i2c.o
 .text.I2C_WaitOnBTFFlagUntilTimeout
                0x08003b30       0x74 ./Drivers/STM32F1xx_HAL_Driver/Src/stm32f1xx_hal_i2c.o
 .text.HAL_I2C_Init
                0x08003ba4      0x284 ./Drivers/STM32F1xx_HAL_Driver/Src/stm32f1xx_hal_i2c.o
                0x08003ba4                HAL_I2C_Init
 .text.HAL_I2C_Master_Transmit
                0x08003e28      0x1dc ./Drivers/STM32F1xx_HAL_Driver/Src/stm32f1xx_hal_i2c.o
                0x08003e28                HAL_I2C_Master_Transmit
 .text.HAL_I2C_Master_Receive
                0x08004004      0x3bc ./Drivers/STM32F1xx_HAL_Driver/Src/stm32f1xx_hal_i2c.o
                0x08004004                HAL_I2C_Master_Receive
 .text.HAL_RCC_OscConfig
                0x080043c0      0x4ec ./Drivers/STM32F1xx_HAL_Driver/Src/stm32f1xx_hal_rcc.o
                0x080043c0                HAL_RCC_OscConfig
 .text.HAL_RCC_GetSysClockFreq
                0x080048ac       0x50 ./Drivers/STM32F1xx_HAL_Driver/Src/stm32f1xx_hal_rcc.o
                0x080048ac                HAL_RCC_GetSysClockFreq
 .text.HAL_RCC_ClockConfig
                0x080048fc      0x210 ./Drivers/STM32F1xx_HAL_Driver/Src/stm32f1xx_hal_rcc.o
                0x080048fc                HAL_RCC_ClockConfig
 .text.HAL_RCC_GetPCLK1Freq
                0x08004b0c       0x20 ./Drivers/STM32F1xx_HAL_Driver/Src/stm32f1xx_hal_rcc.o
                0x08004b0c                HAL_RCC_GetPCLK1Freq
 .text.HAL_RCC_GetPCLK2Freq
                0x08004b2c       0x20 ./Drivers/STM32F1xx_HAL_Driver/Src/stm32f1xx_hal_rcc.o
                0x08004b2c                HAL_RCC_GetPCLK2Freq
 .text.HAL_RCC_GetClockConfig
                0x08004b4c       0x64 ./Drivers/STM32F1xx_HAL_Driver/Src/stm32f1xx_hal_rcc.o
                0x08004b4c                HAL_RCC_GetClockConfig
 .text.HAL_RCCEx_PeriphCLKConfig
                0x08004bb0      0x148 ./Drivers/STM32F1xx_HAL_Driver/Src/stm32f1xx_hal_rcc_ex.o
                0x08004bb0                HAL_RCCEx_PeriphCLKConfig
 .text.SPI_WaitFlagStateUntilTimeout.constprop.0
                0x08004cf8       0xb4 ./Drivers/STM32F1xx_HAL_Driver/Src/stm32f1xx_hal_spi.o
 .text.HAL_SPI_Init
                0x08004dac      0x25c ./Drivers/STM32F1xx_HAL_Driver/Src/stm32f1xx_hal_spi.o
                0x08004dac                HAL_SPI_Init
 .text.HAL_SPI_Transmit
                0x08005008      0x1b4 ./Drivers/STM32F1xx_HAL_Driver/Src/stm32f1xx_hal_spi.o
                0x08005008                HAL_SPI_Transmit
 .text.HAL_SPI_Transmit_DMA
                0x080051bc       0xf4 ./Drivers/STM32F1xx_HAL_Driver/Src/stm32f1xx_hal_spi.o
                0x080051bc                HAL_SPI_Transmit_DMA
 .text.HAL_SPI_TxHalfCpltCallback
                0x080052b0        0x4 ./Drivers/STM32F1xx_HAL_Driver/Src/stm32f1xx_hal_spi.o
                0x080052b0                HAL_SPI_TxHalfCpltCallback
 .text.SPI_DMAHalfTransmitCplt
                0x080052b4        0xc ./Drivers/STM32F1xx_HAL_Driver/Src/stm32f1xx_hal_spi.o
 .text.HAL_SPI_ErrorCallback
                0x080052c0        0x4 ./Drivers/STM32F1xx_HAL_Driver/Src/stm32f1xx_hal_spi.o
                0x080052c0                HAL_SPI_ErrorCallback
 .text.SPI_DMAError
                0x080052c4       0x24 ./Drivers/STM32F1xx_HAL_Driver/Src/stm32f1xx_hal_spi.o
 .text.SPI_DMATransmitCplt
                0x080052e8       0x80 ./Drivers/STM32F1xx_HAL_Driver/Src/stm32f1xx_hal_spi.o
 .text.HAL_SPI_IRQHandler
                0x08005368       0xf0 ./Drivers/STM32F1xx_HAL_Driver/Src/stm32f1xx_hal_spi.o
                0x08005368                HAL_SPI_IRQHandler
 .text.SPI_DMAAbortOnError
                0x08005458       0x10 ./Drivers/STM32F1xx_HAL_Driver/Src/stm32f1xx_hal_spi.o
 .text.HAL_TIM_Base_MspInit
                0x08005468        0x4 ./Drivers/STM32F1xx_HAL_Driver/Src/stm32f1xx_hal_tim.o
                0x08005468                HAL_TIM_Base_MspInit
 .text.HAL_TIM_Base_Start_IT
                0x0800546c       0xb4 ./Drivers/STM32F1xx_HAL_Driver/Src/stm32f1xx_hal_tim.o
                0x0800546c                HAL_TIM_Base_Start_IT
 .text.HAL_TIM_OC_DelayElapsedCallback
                0x08005520        0x4 ./Drivers/STM32F1xx_HAL_Driver/Src/stm32f1xx_hal_tim.o
                0x08005520                HAL_TIM_OC_DelayElapsedCallback
 .text.HAL_TIM_IC_CaptureCallback
                0x08005524        0x4 ./Drivers/STM32F1xx_HAL_Driver/Src/stm32f1xx_hal_tim.o
                0x08005524                HAL_TIM_IC_CaptureCallback
 .text.HAL_TIM_PWM_PulseFinishedCallback
                0x08005528        0x4 ./Drivers/STM32F1xx_HAL_Driver/Src/stm32f1xx_hal_tim.o
                0x08005528                HAL_TIM_PWM_PulseFinishedCallback
 .text.HAL_TIM_TriggerCallback
                0x0800552c        0x4 ./Drivers/STM32F1xx_HAL_Driver/Src/stm32f1xx_hal_tim.o
                0x0800552c                HAL_TIM_TriggerCallback
 .text.HAL_TIM_IRQHandler
                0x08005530      0x154 ./Drivers/STM32F1xx_HAL_Driver/Src/stm32f1xx_hal_tim.o
                0x08005530                HAL_TIM_IRQHandler
 .text.TIM_Base_SetConfig
                0x08005684       0xa8 ./Drivers/STM32F1xx_HAL_Driver/Src/stm32f1xx_hal_tim.o
                0x08005684                TIM_Base_SetConfig
 .text.HAL_TIM_Base_Init
                0x0800572c      0x134 ./Drivers/STM32F1xx_HAL_Driver/Src/stm32f1xx_hal_tim.o
                0x0800572c                HAL_TIM_Base_Init
 .text.HAL_TIMEx_CommutCallback
                0x08005860        0x4 ./Drivers/STM32F1xx_HAL_Driver/Src/stm32f1xx_hal_tim_ex.o
                0x08005860                HAL_TIMEx_CommutCallback
 .text.HAL_TIMEx_BreakCallback
                0x08005864        0x4 ./Drivers/STM32F1xx_HAL_Driver/Src/stm32f1xx_hal_tim_ex.o
                0x08005864                HAL_TIMEx_BreakCallback
 .text.UART_EndRxTransfer
                0x08005868       0x60 ./Drivers/STM32F1xx_HAL_Driver/Src/stm32f1xx_hal_uart.o
 .text.UART_SetConfig
                0x080058c8       0xe8 ./Drivers/STM32F1xx_HAL_Driver/Src/stm32f1xx_hal_uart.o
 .text.UART_WaitOnFlagUntilTimeout.constprop.0
                0x080059b0       0x78 ./Drivers/STM32F1xx_HAL_Driver/Src/stm32f1xx_hal_uart.o
 .text.HAL_UART_Init
                0x08005a28      0x100 ./Drivers/STM32F1xx_HAL_Driver/Src/stm32f1xx_hal_uart.o
                0x08005a28                HAL_UART_Init
 .text.HAL_UART_Transmit
                0x08005b28       0xa8 ./Drivers/STM32F1xx_HAL_Driver/Src/stm32f1xx_hal_uart.o
                0x08005b28                HAL_UART_Transmit
 .text.HAL_UART_TxCpltCallback
                0x08005bd0        0x4 ./Drivers/STM32F1xx_HAL_Driver/Src/stm32f1xx_hal_uart.o
                0x08005bd0                HAL_UART_TxCpltCallback
 .text.HAL_UART_RxCpltCallback
                0x08005bd4        0x4 ./Drivers/STM32F1xx_HAL_Driver/Src/stm32f1xx_hal_uart.o
                0x08005bd4                HAL_UART_RxCpltCallback
 .text.HAL_UART_ErrorCallback
                0x08005bd8        0x4 ./Drivers/STM32F1xx_HAL_Driver/Src/stm32f1xx_hal_uart.o
                0x08005bd8                HAL_UART_ErrorCallback
 .text.UART_DMAAbortOnError
                0x08005bdc       0x10 ./Drivers/STM32F1xx_HAL_Driver/Src/stm32f1xx_hal_uart.o
 .text.HAL_UARTEx_RxEventCallback
                0x08005bec        0x4 ./Drivers/STM32F1xx_HAL_Driver/Src/stm32f1xx_hal_uart.o
                0x08005bec                HAL_UARTEx_RxEventCallback
 .text.UART_Receive_IT.isra.0
                0x08005bf0       0xc4 ./Drivers/STM32F1xx_HAL_Driver/Src/stm32f1xx_hal_uart.o
 .text.HAL_UART_IRQHandler
                0x08005cb4      0x30c ./Drivers/STM32F1xx_HAL_Driver/Src/stm32f1xx_hal_uart.o
                0x08005cb4                HAL_UART_IRQHandler
 .text.osKernelInitialize
                0x08005fc0       0x34 ./Middlewares/Third_Party/FreeRTOS/Source/CMSIS_RTOS_V2/cmsis_os2.o
                0x08005fc0                osKernelInitialize
 .text.osKernelStart
                0x08005ff4       0x44 ./Middlewares/Third_Party/FreeRTOS/Source/CMSIS_RTOS_V2/cmsis_os2.o
                0x08005ff4                osKernelStart
 .text.osThreadNew
                0x08006038       0xc0 ./Middlewares/Third_Party/FreeRTOS/Source/CMSIS_RTOS_V2/cmsis_os2.o
                0x08006038                osThreadNew
 .text.osDelay  0x080060f8       0x34 ./Middlewares/Third_Party/FreeRTOS/Source/CMSIS_RTOS_V2/cmsis_os2.o
                0x080060f8                osDelay
 .text.osEventFlagsNew
                0x0800612c       0x40 ./Middlewares/Third_Party/FreeRTOS/Source/CMSIS_RTOS_V2/cmsis_os2.o
                0x0800612c                osEventFlagsNew
 .text.osEventFlagsSet
                0x0800616c       0x7c ./Middlewares/Third_Party/FreeRTOS/Source/CMSIS_RTOS_V2/cmsis_os2.o
                0x0800616c                osEventFlagsSet
 .text.osEventFlagsWait
                0x080061e8       0x78 ./Middlewares/Third_Party/FreeRTOS/Source/CMSIS_RTOS_V2/cmsis_os2.o
                0x080061e8                osEventFlagsWait
 .text.vApplicationGetIdleTaskMemory
                0x08006260       0x1c ./Middlewares/Third_Party/FreeRTOS/Source/CMSIS_RTOS_V2/cmsis_os2.o
                0x08006260                vApplicationGetIdleTaskMemory
 .text.vApplicationGetTimerTaskMemory
                0x0800627c       0x1c ./Middlewares/Third_Party/FreeRTOS/Source/CMSIS_RTOS_V2/cmsis_os2.o
                0x0800627c                vApplicationGetTimerTaskMemory
 .text.xEventGroupCreateStatic
                0x08006298       0x4c ./Middlewares/Third_Party/FreeRTOS/Source/event_groups.o
                0x08006298                xEventGroupCreateStatic
 .text.xEventGroupCreate
                0x080062e4       0x1c ./Middlewares/Third_Party/FreeRTOS/Source/event_groups.o
                0x080062e4                xEventGroupCreate
 .text.xEventGroupWaitBits
                0x08006300      0x12c ./Middlewares/Third_Party/FreeRTOS/Source/event_groups.o
                0x08006300                xEventGroupWaitBits
 .text.xEventGroupSetBits
                0x0800642c       0x94 ./Middlewares/Third_Party/FreeRTOS/Source/event_groups.o
                0x0800642c                xEventGroupSetBits
 .text.vEventGroupSetBitsCallback
                0x080064c0        0x4 ./Middlewares/Third_Party/FreeRTOS/Source/event_groups.o
                0x080064c0                vEventGroupSetBitsCallback
 .text.xEventGroupSetBitsFromISR
                0x080064c4       0x1c ./Middlewares/Third_Party/FreeRTOS/Source/event_groups.o
                0x080064c4                xEventGroupSetBitsFromISR
 .text.vListInitialise
                0x080064e0       0x18 ./Middlewares/Third_Party/FreeRTOS/Source/list.o
                0x080064e0                vListInitialise
 .text.vListInitialiseItem
                0x080064f8        0x8 ./Middlewares/Third_Party/FreeRTOS/Source/list.o
                0x080064f8                vListInitialiseItem
 .text.vListInsertEnd
                0x08006500       0x1c ./Middlewares/Third_Party/FreeRTOS/Source/list.o
                0x08006500                vListInsertEnd
 .text.vListInsert
                0x0800651c       0x30 ./Middlewares/Third_Party/FreeRTOS/Source/list.o
                0x0800651c                vListInsert
 .text.uxListRemove
                0x0800654c       0x24 ./Middlewares/Third_Party/FreeRTOS/Source/list.o
                0x0800654c                uxListRemove
 .text.prvCopyDataToQueue
                0x08006570       0x70 ./Middlewares/Third_Party/FreeRTOS/Source/queue.o
 .text.prvUnlockQueue
                0x080065e0       0x8c ./Middlewares/Third_Party/FreeRTOS/Source/queue.o
 .text.xQueueGenericReset
                0x0800666c       0x8c ./Middlewares/Third_Party/FreeRTOS/Source/queue.o
                0x0800666c                xQueueGenericReset
 .text.xQueueGenericCreateStatic
                0x080066f8       0xa4 ./Middlewares/Third_Party/FreeRTOS/Source/queue.o
                0x080066f8                xQueueGenericCreateStatic
 .text.xQueueGenericSend
                0x0800679c      0x18c ./Middlewares/Third_Party/FreeRTOS/Source/queue.o
                0x0800679c                xQueueGenericSend
 .text.xQueueGenericSendFromISR
                0x08006928       0xc4 ./Middlewares/Third_Party/FreeRTOS/Source/queue.o
                0x08006928                xQueueGenericSendFromISR
 .text.xQueueReceive
                0x080069ec      0x17c ./Middlewares/Third_Party/FreeRTOS/Source/queue.o
                0x080069ec                xQueueReceive
 .text.vQueueAddToRegistry
                0x08006b68       0x2c ./Middlewares/Third_Party/FreeRTOS/Source/queue.o
                0x08006b68                vQueueAddToRegistry
 .text.vQueueWaitForMessageRestricted
                0x08006b94       0x50 ./Middlewares/Third_Party/FreeRTOS/Source/queue.o
                0x08006b94                vQueueWaitForMessageRestricted
 .text.prvAddNewTaskToReadyList
                0x08006be4      0x110 ./Middlewares/Third_Party/FreeRTOS/Source/tasks.o
 .text.prvAddCurrentTaskToDelayedList
                0x08006cf4       0x74 ./Middlewares/Third_Party/FreeRTOS/Source/tasks.o
 .text.prvInitialiseNewTask.constprop.0
                0x08006d68       0x98 ./Middlewares/Third_Party/FreeRTOS/Source/tasks.o
 .text.prvIdleTask
                0x08006e00       0x98 ./Middlewares/Third_Party/FreeRTOS/Source/tasks.o
 .text.xTaskCreateStatic
                0x08006e98       0x74 ./Middlewares/Third_Party/FreeRTOS/Source/tasks.o
                0x08006e98                xTaskCreateStatic
 .text.xTaskCreate
                0x08006f0c       0x60 ./Middlewares/Third_Party/FreeRTOS/Source/tasks.o
                0x08006f0c                xTaskCreate
 .text.vTaskStartScheduler
                0x08006f6c       0x8c ./Middlewares/Third_Party/FreeRTOS/Source/tasks.o
                0x08006f6c                vTaskStartScheduler
 .text.vTaskSuspendAll
                0x08006ff8       0x10 ./Middlewares/Third_Party/FreeRTOS/Source/tasks.o
                0x08006ff8                vTaskSuspendAll
 .text.xTaskGetTickCount
                0x08007008        0xc ./Middlewares/Third_Party/FreeRTOS/Source/tasks.o
                0x08007008                xTaskGetTickCount
 .text.xTaskIncrementTick
                0x08007014      0x164 ./Middlewares/Third_Party/FreeRTOS/Source/tasks.o
                0x08007014                xTaskIncrementTick
 .text.xTaskResumeAll.part.0
                0x08007178      0x110 ./Middlewares/Third_Party/FreeRTOS/Source/tasks.o
 .text.xTaskResumeAll
                0x08007288       0x20 ./Middlewares/Third_Party/FreeRTOS/Source/tasks.o
                0x08007288                xTaskResumeAll
 .text.vTaskDelay
                0x080072a8       0x60 ./Middlewares/Third_Party/FreeRTOS/Source/tasks.o
                0x080072a8                vTaskDelay
 .text.vTaskSwitchContext
                0x08007308       0x8c ./Middlewares/Third_Party/FreeRTOS/Source/tasks.o
                0x08007308                vTaskSwitchContext
 .text.vTaskPlaceOnEventList
                0x08007394       0x34 ./Middlewares/Third_Party/FreeRTOS/Source/tasks.o
                0x08007394                vTaskPlaceOnEventList
 .text.vTaskPlaceOnUnorderedEventList
                0x080073c8       0x58 ./Middlewares/Third_Party/FreeRTOS/Source/tasks.o
                0x080073c8                vTaskPlaceOnUnorderedEventList
 .text.vTaskPlaceOnEventListRestricted
                0x08007420       0x40 ./Middlewares/Third_Party/FreeRTOS/Source/tasks.o
                0x08007420                vTaskPlaceOnEventListRestricted
 .text.xTaskRemoveFromEventList
                0x08007460       0x8c ./Middlewares/Third_Party/FreeRTOS/Source/tasks.o
                0x08007460                xTaskRemoveFromEventList
 .text.vTaskRemoveFromUnorderedEventList
                0x080074ec       0x88 ./Middlewares/Third_Party/FreeRTOS/Source/tasks.o
                0x080074ec                vTaskRemoveFromUnorderedEventList
 .text.vTaskInternalSetTimeOutState
                0x08007574       0x18 ./Middlewares/Third_Party/FreeRTOS/Source/tasks.o
                0x08007574                vTaskInternalSetTimeOutState
 .text.xTaskCheckForTimeOut
                0x0800758c       0x80 ./Middlewares/Third_Party/FreeRTOS/Source/tasks.o
                0x0800758c                xTaskCheckForTimeOut
 .text.vTaskMissedYield
                0x0800760c        0xc ./Middlewares/Third_Party/FreeRTOS/Source/tasks.o
                0x0800760c                vTaskMissedYield
 .text.xTaskGetSchedulerState
                0x08007618       0x20 ./Middlewares/Third_Party/FreeRTOS/Source/tasks.o
                0x08007618                xTaskGetSchedulerState
 .text.xTaskPriorityDisinherit
                0x08007638       0x88 ./Middlewares/Third_Party/FreeRTOS/Source/tasks.o
                0x08007638                xTaskPriorityDisinherit
 .text.uxTaskResetEventItemValue
                0x080076c0       0x18 ./Middlewares/Third_Party/FreeRTOS/Source/tasks.o
                0x080076c0                uxTaskResetEventItemValue
 .text.prvCheckForValidListAndQueue
                0x080076d8       0x6c ./Middlewares/Third_Party/FreeRTOS/Source/timers.o
 .text.xTimerCreateTimerTask
                0x08007744       0x64 ./Middlewares/Third_Party/FreeRTOS/Source/timers.o
                0x08007744                xTimerCreateTimerTask
 .text.xTimerGenericCommand
                0x080077a8       0x6c ./Middlewares/Third_Party/FreeRTOS/Source/timers.o
                0x080077a8                xTimerGenericCommand
 .text.prvSwitchTimerLists
                0x08007814       0x78 ./Middlewares/Third_Party/FreeRTOS/Source/timers.o
 .text.prvTimerTask
                0x0800788c      0x24c ./Middlewares/Third_Party/FreeRTOS/Source/timers.o
 .text.xTimerPendFunctionCallFromISR
                0x08007ad8       0x30 ./Middlewares/Third_Party/FreeRTOS/Source/timers.o
                0x08007ad8                xTimerPendFunctionCallFromISR
 .text.prvPortStartFirstTask
                0x08007b08       0x20 ./Middlewares/Third_Party/FreeRTOS/Source/portable/GCC/ARM_CM3/port.o
 .text.prvTaskExitError
                0x08007b28       0x40 ./Middlewares/Third_Party/FreeRTOS/Source/portable/GCC/ARM_CM3/port.o
 .text.pxPortInitialiseStack
                0x08007b68       0x24 ./Middlewares/Third_Party/FreeRTOS/Source/portable/GCC/ARM_CM3/port.o
                0x08007b68                pxPortInitialiseStack
 *fill*         0x08007b8c        0x4 
 .text.SVC_Handler
                0x08007b90       0x24 ./Middlewares/Third_Party/FreeRTOS/Source/portable/GCC/ARM_CM3/port.o
                0x08007b90                SVC_Handler
 .text.vPortEnterCritical
                0x08007bb4       0x44 ./Middlewares/Third_Party/FreeRTOS/Source/portable/GCC/ARM_CM3/port.o
                0x08007bb4                vPortEnterCritical
 .text.vPortExitCritical
                0x08007bf8       0x28 ./Middlewares/Third_Party/FreeRTOS/Source/portable/GCC/ARM_CM3/port.o
                0x08007bf8                vPortExitCritical
 .text.PendSV_Handler
                0x08007c20       0x44 ./Middlewares/Third_Party/FreeRTOS/Source/portable/GCC/ARM_CM3/port.o
                0x08007c20                PendSV_Handler
 .text.SysTick_Handler
                0x08007c64       0x2c ./Middlewares/Third_Party/FreeRTOS/Source/portable/GCC/ARM_CM3/port.o
                0x08007c64                SysTick_Handler
 .text.vPortSetupTimerInterrupt
                0x08007c90       0x2c ./Middlewares/Third_Party/FreeRTOS/Source/portable/GCC/ARM_CM3/port.o
                0x08007c90                vPortSetupTimerInterrupt
 .text.xPortStartScheduler
                0x08007cbc       0xc0 ./Middlewares/Third_Party/FreeRTOS/Source/portable/GCC/ARM_CM3/port.o
                0x08007cbc                xPortStartScheduler
 .text.vPortValidateInterruptPriority
                0x08007d7c       0x5c ./Middlewares/Third_Party/FreeRTOS/Source/portable/GCC/ARM_CM3/port.o
                0x08007d7c                vPortValidateInterruptPriority
 .text.prvInsertBlockIntoFreeList
                0x08007dd8       0x54 ./Middlewares/Third_Party/FreeRTOS/Source/portable/MemMang/heap_4.o
 .text.pvPortMalloc
                0x08007e2c      0x120 ./Middlewares/Third_Party/FreeRTOS/Source/portable/MemMang/heap_4.o
                0x08007e2c                pvPortMalloc
 .text.vPortFree
                0x08007f4c       0x74 ./Middlewares/Third_Party/FreeRTOS/Source/portable/MemMang/heap_4.o
                0x08007f4c                vPortFree
 .text.malloc   0x08007fc0       0x10 c:/gcc-arm-none-eabi/bin/../lib/gcc/arm-none-eabi/12.3.1/thumb/v7-m/nofp\libc_nano.a(libc_a-malloc.o)
                0x08007fc0                malloc
 .text.free     0x08007fd0       0x10 c:/gcc-arm-none-eabi/bin/../lib/gcc/arm-none-eabi/12.3.1/thumb/v7-m/nofp\libc_nano.a(libc_a-malloc.o)
                0x08007fd0                free
 .text.sbrk_aligned
                0x08007fe0       0x44 c:/gcc-arm-none-eabi/bin/../lib/gcc/arm-none-eabi/12.3.1/thumb/v7-m/nofp\libc_nano.a(libc_a-mallocr.o)
 .text._malloc_r
                0x08008024      0x100 c:/gcc-arm-none-eabi/bin/../lib/gcc/arm-none-eabi/12.3.1/thumb/v7-m/nofp\libc_nano.a(libc_a-mallocr.o)
                0x08008024                _malloc_r
 .text.__malloc_lock
                0x08008124        0xc c:/gcc-arm-none-eabi/bin/../lib/gcc/arm-none-eabi/12.3.1/thumb/v7-m/nofp\libc_nano.a(libc_a-mlock.o)
                0x08008124                __malloc_lock
 .text.__malloc_unlock
                0x08008130        0xc c:/gcc-arm-none-eabi/bin/../lib/gcc/arm-none-eabi/12.3.1/thumb/v7-m/nofp\libc_nano.a(libc_a-mlock.o)
                0x08008130                __malloc_unlock
 .text.__cvt    0x0800813c       0xce c:/gcc-arm-none-eabi/bin/../lib/gcc/arm-none-eabi/12.3.1/thumb/v7-m/nofp\libc_nano.a(libc_a-nano-vfprintf_float.o)
                0x0800813c                __cvt
 .text.__exponent
                0x0800820a       0x74 c:/gcc-arm-none-eabi/bin/../lib/gcc/arm-none-eabi/12.3.1/thumb/v7-m/nofp\libc_nano.a(libc_a-nano-vfprintf_float.o)
                0x0800820a                __exponent
 *fill*         0x0800827e        0x2 
 .text._printf_float
                0x08008280      0x46c c:/gcc-arm-none-eabi/bin/../lib/gcc/arm-none-eabi/12.3.1/thumb/v7-m/nofp\libc_nano.a(libc_a-nano-vfprintf_float.o)
                0x08008280                _printf_float
 .text._printf_common
                0x080086ec       0xe4 c:/gcc-arm-none-eabi/bin/../lib/gcc/arm-none-eabi/12.3.1/thumb/v7-m/nofp\libc_nano.a(libc_a-nano-vfprintf_i.o)
                0x080086ec                _printf_common
 .text._printf_i
                0x080087d0      0x258 c:/gcc-arm-none-eabi/bin/../lib/gcc/arm-none-eabi/12.3.1/thumb/v7-m/nofp\libc_nano.a(libc_a-nano-vfprintf_i.o)
                0x080087d0                _printf_i
 .text.std      0x08008a28       0x6c c:/gcc-arm-none-eabi/bin/../lib/gcc/arm-none-eabi/12.3.1/thumb/v7-m/nofp\libc_nano.a(libc_a-findfp.o)
 .text.stdio_exit_handler
                0x08008a94       0x18 c:/gcc-arm-none-eabi/bin/../lib/gcc/arm-none-eabi/12.3.1/thumb/v7-m/nofp\libc_nano.a(libc_a-findfp.o)
 .text.cleanup_stdio
                0x08008aac       0x40 c:/gcc-arm-none-eabi/bin/../lib/gcc/arm-none-eabi/12.3.1/thumb/v7-m/nofp\libc_nano.a(libc_a-findfp.o)
 .text.global_stdio_init.part.0
                0x08008aec       0x3c c:/gcc-arm-none-eabi/bin/../lib/gcc/arm-none-eabi/12.3.1/thumb/v7-m/nofp\libc_nano.a(libc_a-findfp.o)
 .text.__sfp_lock_acquire
                0x08008b28        0xc c:/gcc-arm-none-eabi/bin/../lib/gcc/arm-none-eabi/12.3.1/thumb/v7-m/nofp\libc_nano.a(libc_a-findfp.o)
                0x08008b28                __sfp_lock_acquire
 .text.__sfp_lock_release
                0x08008b34        0xc c:/gcc-arm-none-eabi/bin/../lib/gcc/arm-none-eabi/12.3.1/thumb/v7-m/nofp\libc_nano.a(libc_a-findfp.o)
                0x08008b34                __sfp_lock_release
 .text.__sinit  0x08008b40       0x30 c:/gcc-arm-none-eabi/bin/../lib/gcc/arm-none-eabi/12.3.1/thumb/v7-m/nofp\libc_nano.a(libc_a-findfp.o)
                0x08008b40                __sinit
 .text._fwalk_sglue
                0x08008b70       0x3c c:/gcc-arm-none-eabi/bin/../lib/gcc/arm-none-eabi/12.3.1/thumb/v7-m/nofp\libc_nano.a(libc_a-fwalk.o)
                0x08008b70                _fwalk_sglue
 .text.printf   0x08008bac       0x24 c:/gcc-arm-none-eabi/bin/../lib/gcc/arm-none-eabi/12.3.1/thumb/v7-m/nofp\libc_nano.a(libc_a-printf.o)
                0x08008bac                iprintf
                0x08008bac                printf
 .text._puts_r  0x08008bd0       0xaa c:/gcc-arm-none-eabi/bin/../lib/gcc/arm-none-eabi/12.3.1/thumb/v7-m/nofp\libc_nano.a(libc_a-puts.o)
                0x08008bd0                _puts_r
 *fill*         0x08008c7a        0x2 
 .text.puts     0x08008c7c       0x10 c:/gcc-arm-none-eabi/bin/../lib/gcc/arm-none-eabi/12.3.1/thumb/v7-m/nofp\libc_nano.a(libc_a-puts.o)
                0x08008c7c                puts
 .text.__sread  0x08008c8c       0x22 c:/gcc-arm-none-eabi/bin/../lib/gcc/arm-none-eabi/12.3.1/thumb/v7-m/nofp\libc_nano.a(libc_a-stdio.o)
                0x08008c8c                __sread
 .text.__swrite
                0x08008cae       0x38 c:/gcc-arm-none-eabi/bin/../lib/gcc/arm-none-eabi/12.3.1/thumb/v7-m/nofp\libc_nano.a(libc_a-stdio.o)
                0x08008cae                __swrite
 .text.__sseek  0x08008ce6       0x24 c:/gcc-arm-none-eabi/bin/../lib/gcc/arm-none-eabi/12.3.1/thumb/v7-m/nofp\libc_nano.a(libc_a-stdio.o)
                0x08008ce6                __sseek
 .text.__sclose
                0x08008d0a        0x8 c:/gcc-arm-none-eabi/bin/../lib/gcc/arm-none-eabi/12.3.1/thumb/v7-m/nofp\libc_nano.a(libc_a-stdio.o)
                0x08008d0a                __sclose
 .text.__swbuf_r
                0x08008d12       0x7c c:/gcc-arm-none-eabi/bin/../lib/gcc/arm-none-eabi/12.3.1/thumb/v7-m/nofp\libc_nano.a(libc_a-wbuf.o)
                0x08008d12                __swbuf_r
 *fill*         0x08008d8e        0x2 
 .text.__swsetup_r
                0x08008d90       0xac c:/gcc-arm-none-eabi/bin/../lib/gcc/arm-none-eabi/12.3.1/thumb/v7-m/nofp\libc_nano.a(libc_a-wsetup.o)
                0x08008d90                __swsetup_r
 .text.memset   0x08008e3c       0x10 c:/gcc-arm-none-eabi/bin/../lib/gcc/arm-none-eabi/12.3.1/thumb/v7-m/nofp\libc_nano.a(libc_a-memset.o)
                0x08008e3c                memset
 .text._localeconv_r
                0x08008e4c        0x8 c:/gcc-arm-none-eabi/bin/../lib/gcc/arm-none-eabi/12.3.1/thumb/v7-m/nofp\libc_nano.a(libc_a-localeconv.o)
                0x08008e4c                _localeconv_r
 .text._close_r
                0x08008e54       0x20 c:/gcc-arm-none-eabi/bin/../lib/gcc/arm-none-eabi/12.3.1/thumb/v7-m/nofp\libc_nano.a(libc_a-closer.o)
                0x08008e54                _close_r
 .text._lseek_r
                0x08008e74       0x24 c:/gcc-arm-none-eabi/bin/../lib/gcc/arm-none-eabi/12.3.1/thumb/v7-m/nofp\libc_nano.a(libc_a-lseekr.o)
                0x08008e74                _lseek_r
 .text._read_r  0x08008e98       0x24 c:/gcc-arm-none-eabi/bin/../lib/gcc/arm-none-eabi/12.3.1/thumb/v7-m/nofp\libc_nano.a(libc_a-readr.o)
                0x08008e98                _read_r
 .text._sbrk_r  0x08008ebc       0x20 c:/gcc-arm-none-eabi/bin/../lib/gcc/arm-none-eabi/12.3.1/thumb/v7-m/nofp\libc_nano.a(libc_a-sbrkr.o)
                0x08008ebc                _sbrk_r
 .text._write_r
                0x08008edc       0x24 c:/gcc-arm-none-eabi/bin/../lib/gcc/arm-none-eabi/12.3.1/thumb/v7-m/nofp\libc_nano.a(libc_a-writer.o)
                0x08008edc                _write_r
 .text.__errno  0x08008f00        0xc c:/gcc-arm-none-eabi/bin/../lib/gcc/arm-none-eabi/12.3.1/thumb/v7-m/nofp\libc_nano.a(libc_a-errno.o)
                0x08008f00                __errno
 .text.__libc_init_array
                0x08008f0c       0x48 c:/gcc-arm-none-eabi/bin/../lib/gcc/arm-none-eabi/12.3.1/thumb/v7-m/nofp\libc_nano.a(libc_a-init.o)
                0x08008f0c                __libc_init_array
 .text.__retarget_lock_init_recursive
                0x08008f54        0x2 c:/gcc-arm-none-eabi/bin/../lib/gcc/arm-none-eabi/12.3.1/thumb/v7-m/nofp\libc_nano.a(libc_a-lock.o)
                0x08008f54                __retarget_lock_init_recursive
 .text.__retarget_lock_acquire_recursive
                0x08008f56        0x2 c:/gcc-arm-none-eabi/bin/../lib/gcc/arm-none-eabi/12.3.1/thumb/v7-m/nofp\libc_nano.a(libc_a-lock.o)
                0x08008f56                __retarget_lock_acquire_recursive
 .text.__retarget_lock_release_recursive
                0x08008f58        0x2 c:/gcc-arm-none-eabi/bin/../lib/gcc/arm-none-eabi/12.3.1/thumb/v7-m/nofp\libc_nano.a(libc_a-lock.o)
                0x08008f58                __retarget_lock_release_recursive
 .text.memchr   0x08008f5a       0x1c c:/gcc-arm-none-eabi/bin/../lib/gcc/arm-none-eabi/12.3.1/thumb/v7-m/nofp\libc_nano.a(libc_a-memchr-stub.o)
                0x08008f5a                memchr
 .text.memcpy   0x08008f76       0x1c c:/gcc-arm-none-eabi/bin/../lib/gcc/arm-none-eabi/12.3.1/thumb/v7-m/nofp\libc_nano.a(libc_a-memcpy-stub.o)
                0x08008f76                memcpy
 .text.quorem   0x08008f92      0x110 c:/gcc-arm-none-eabi/bin/../lib/gcc/arm-none-eabi/12.3.1/thumb/v7-m/nofp\libc_nano.a(libc_a-dtoa.o)
 *fill*         0x080090a2        0x6 
 .text._dtoa_r  0x080090a8      0xc58 c:/gcc-arm-none-eabi/bin/../lib/gcc/arm-none-eabi/12.3.1/thumb/v7-m/nofp\libc_nano.a(libc_a-dtoa.o)
                0x080090a8                _dtoa_r
 .text._free_r  0x08009d00       0x90 c:/gcc-arm-none-eabi/bin/../lib/gcc/arm-none-eabi/12.3.1/thumb/v7-m/nofp\libc_nano.a(libc_a-freer.o)
                0x08009d00                _free_r
 .text.__ascii_mbtowc
                0x08009d90       0x24 c:/gcc-arm-none-eabi/bin/../lib/gcc/arm-none-eabi/12.3.1/thumb/v7-m/nofp\libc_nano.a(libc_a-mbtowc_r.o)
                0x08009d90                __ascii_mbtowc
 .text._Balloc  0x08009db4       0x80 c:/gcc-arm-none-eabi/bin/../lib/gcc/arm-none-eabi/12.3.1/thumb/v7-m/nofp\libc_nano.a(libc_a-mprec.o)
                0x08009db4                _Balloc
 .text._Bfree   0x08009e34       0x44 c:/gcc-arm-none-eabi/bin/../lib/gcc/arm-none-eabi/12.3.1/thumb/v7-m/nofp\libc_nano.a(libc_a-mprec.o)
                0x08009e34                _Bfree
 .text.__multadd
                0x08009e78       0x8c c:/gcc-arm-none-eabi/bin/../lib/gcc/arm-none-eabi/12.3.1/thumb/v7-m/nofp\libc_nano.a(libc_a-mprec.o)
                0x08009e78                __multadd
 .text.__hi0bits
                0x08009f04       0x44 c:/gcc-arm-none-eabi/bin/../lib/gcc/arm-none-eabi/12.3.1/thumb/v7-m/nofp\libc_nano.a(libc_a-mprec.o)
                0x08009f04                __hi0bits
 .text.__lo0bits
                0x08009f48       0x5a c:/gcc-arm-none-eabi/bin/../lib/gcc/arm-none-eabi/12.3.1/thumb/v7-m/nofp\libc_nano.a(libc_a-mprec.o)
                0x08009f48                __lo0bits
 *fill*         0x08009fa2        0x2 
 .text.__i2b    0x08009fa4       0x2c c:/gcc-arm-none-eabi/bin/../lib/gcc/arm-none-eabi/12.3.1/thumb/v7-m/nofp\libc_nano.a(libc_a-mprec.o)
                0x08009fa4                __i2b
 .text.__multiply
                0x08009fd0      0x150 c:/gcc-arm-none-eabi/bin/../lib/gcc/arm-none-eabi/12.3.1/thumb/v7-m/nofp\libc_nano.a(libc_a-mprec.o)
                0x08009fd0                __multiply
 .text.__pow5mult
                0x0800a120       0xb4 c:/gcc-arm-none-eabi/bin/../lib/gcc/arm-none-eabi/12.3.1/thumb/v7-m/nofp\libc_nano.a(libc_a-mprec.o)
                0x0800a120                __pow5mult
 .text.__lshift
                0x0800a1d4       0xd8 c:/gcc-arm-none-eabi/bin/../lib/gcc/arm-none-eabi/12.3.1/thumb/v7-m/nofp\libc_nano.a(libc_a-mprec.o)
                0x0800a1d4                __lshift
 .text.__mcmp   0x0800a2ac       0x36 c:/gcc-arm-none-eabi/bin/../lib/gcc/arm-none-eabi/12.3.1/thumb/v7-m/nofp\libc_nano.a(libc_a-mprec.o)
                0x0800a2ac                __mcmp
 *fill*         0x0800a2e2        0x2 
 .text.__mdiff  0x0800a2e4      0x128 c:/gcc-arm-none-eabi/bin/../lib/gcc/arm-none-eabi/12.3.1/thumb/v7-m/nofp\libc_nano.a(libc_a-mprec.o)
                0x0800a2e4                __mdiff
 .text.__d2b    0x0800a40c       0xb0 c:/gcc-arm-none-eabi/bin/../lib/gcc/arm-none-eabi/12.3.1/thumb/v7-m/nofp\libc_nano.a(libc_a-mprec.o)
                0x0800a40c                __d2b
 .text.__ascii_wctomb
                0x0800a4bc       0x1a c:/gcc-arm-none-eabi/bin/../lib/gcc/arm-none-eabi/12.3.1/thumb/v7-m/nofp\libc_nano.a(libc_a-wctomb_r.o)
                0x0800a4bc                __ascii_wctomb
 .text.__sfputc_r
                0x0800a4d6       0x2a c:/gcc-arm-none-eabi/bin/../lib/gcc/arm-none-eabi/12.3.1/thumb/v7-m/nofp\libc_nano.a(libc_a-nano-vfprintf.o)
 .text.__sfputs_r
                0x0800a500       0x24 c:/gcc-arm-none-eabi/bin/../lib/gcc/arm-none-eabi/12.3.1/thumb/v7-m/nofp\libc_nano.a(libc_a-nano-vfprintf.o)
                0x0800a500                __sfputs_r
 .text._vfprintf_r
                0x0800a524      0x230 c:/gcc-arm-none-eabi/bin/../lib/gcc/arm-none-eabi/12.3.1/thumb/v7-m/nofp\libc_nano.a(libc_a-nano-vfprintf.o)
                0x0800a524                _vfprintf_r
                0x0800a524                _vfiprintf_r
 .text.__sflush_r
                0x0800a754      0x100 c:/gcc-arm-none-eabi/bin/../lib/gcc/arm-none-eabi/12.3.1/thumb/v7-m/nofp\libc_nano.a(libc_a-fflush.o)
                0x0800a754                __sflush_r
 .text._fflush_r
                0x0800a854       0x50 c:/gcc-arm-none-eabi/bin/../lib/gcc/arm-none-eabi/12.3.1/thumb/v7-m/nofp\libc_nano.a(libc_a-fflush.o)
                0x0800a854                _fflush_r
 .text.__swhatbuf_r
                0x0800a8a4       0x4a c:/gcc-arm-none-eabi/bin/../lib/gcc/arm-none-eabi/12.3.1/thumb/v7-m/nofp\libc_nano.a(libc_a-makebuf.o)
                0x0800a8a4                __swhatbuf_r
 .text.__smakebuf_r
                0x0800a8ee       0x78 c:/gcc-arm-none-eabi/bin/../lib/gcc/arm-none-eabi/12.3.1/thumb/v7-m/nofp\libc_nano.a(libc_a-makebuf.o)
                0x0800a8ee                __smakebuf_r
 *fill*         0x0800a966        0x2 
 .text._fstat_r
                0x0800a968       0x24 c:/gcc-arm-none-eabi/bin/../lib/gcc/arm-none-eabi/12.3.1/thumb/v7-m/nofp\libc_nano.a(libc_a-fstatr.o)
                0x0800a968                _fstat_r
 .text._isatty_r
                0x0800a98c       0x20 c:/gcc-arm-none-eabi/bin/../lib/gcc/arm-none-eabi/12.3.1/thumb/v7-m/nofp\libc_nano.a(libc_a-isattyr.o)
                0x0800a98c                _isatty_r
 .text.__assert_func
                0x0800a9ac       0x3c c:/gcc-arm-none-eabi/bin/../lib/gcc/arm-none-eabi/12.3.1/thumb/v7-m/nofp\libc_nano.a(libc_a-assert.o)
                0x0800a9ac                __assert_func
 .text._calloc_r
                0x0800a9e8       0x28 c:/gcc-arm-none-eabi/bin/../lib/gcc/arm-none-eabi/12.3.1/thumb/v7-m/nofp\libc_nano.a(libc_a-callocr.o)
                0x0800a9e8                _calloc_r
 .text.fprintf  0x0800aa10       0x24 c:/gcc-arm-none-eabi/bin/../lib/gcc/arm-none-eabi/12.3.1/thumb/v7-m/nofp\libc_nano.a(libc_a-fprintf.o)
                0x0800aa10                fiprintf
                0x0800aa10                fprintf
 .text.abort    0x0800aa34        0xe c:/gcc-arm-none-eabi/bin/../lib/gcc/arm-none-eabi/12.3.1/thumb/v7-m/nofp\libc_nano.a(libc_a-abort.o)
                0x0800aa34                abort
 .text._raise_r
                0x0800aa42       0x50 c:/gcc-arm-none-eabi/bin/../lib/gcc/arm-none-eabi/12.3.1/thumb/v7-m/nofp\libc_nano.a(libc_a-signal.o)
                0x0800aa42                _raise_r
 *fill*         0x0800aa92        0x2 
 .text.raise    0x0800aa94       0x10 c:/gcc-arm-none-eabi/bin/../lib/gcc/arm-none-eabi/12.3.1/thumb/v7-m/nofp\libc_nano.a(libc_a-signal.o)
                0x0800aa94                raise
 .text._kill_r  0x0800aaa4       0x24 c:/gcc-arm-none-eabi/bin/../lib/gcc/arm-none-eabi/12.3.1/thumb/v7-m/nofp\libc_nano.a(libc_a-signalr.o)
                0x0800aaa4                _kill_r
 .text._getpid_r
                0x0800aac8        0x4 c:/gcc-arm-none-eabi/bin/../lib/gcc/arm-none-eabi/12.3.1/thumb/v7-m/nofp\libc_nano.a(libc_a-signalr.o)
                0x0800aac8                _getpid_r
 *(.glue_7)
 .glue_7        0x0800aacc        0x0 linker stubs
 *(.glue_7t)
 .glue_7t       0x0800aacc        0x0 linker stubs
 *(.eh_frame)
 .eh_frame      0x0800aacc        0x0 c:/gcc-arm-none-eabi/bin/../lib/gcc/arm-none-eabi/12.3.1/thumb/v7-m/nofp/crtbegin.o
 *(.init)
 .init          0x0800aacc        0x4 c:/gcc-arm-none-eabi/bin/../lib/gcc/arm-none-eabi/12.3.1/thumb/v7-m/nofp/crti.o
                0x0800aacc                _init
 .init          0x0800aad0        0x8 c:/gcc-arm-none-eabi/bin/../lib/gcc/arm-none-eabi/12.3.1/thumb/v7-m/nofp/crtn.o
 *(.fini)
 .fini          0x0800aad8        0x4 c:/gcc-arm-none-eabi/bin/../lib/gcc/arm-none-eabi/12.3.1/thumb/v7-m/nofp/crti.o
                0x0800aad8                _fini
 .fini          0x0800aadc        0x8 c:/gcc-arm-none-eabi/bin/../lib/gcc/arm-none-eabi/12.3.1/thumb/v7-m/nofp/crtn.o
                0x0800aae4                        . = ALIGN (0x4)
                0x0800aae4                        _etext = .

.vfp11_veneer   0x0800aae4        0x0
 .vfp11_veneer  0x0800aae4        0x0 linker stubs

.v4_bx          0x0800aae4        0x0
 .v4_bx         0x0800aae4        0x0 linker stubs

.iplt           0x0800aae4        0x0
 .iplt          0x0800aae4        0x0 c:/gcc-arm-none-eabi/bin/../lib/gcc/arm-none-eabi/12.3.1/thumb/v7-m/nofp/crtbegin.o

.rodata         0x0800aae8      0x6c8
                0x0800aae8                        . = ALIGN (0x4)
 *(.rodata)
 .rodata        0x0800aae8       0x1f ./Core/Src/lcd.o
 *(.rodata*)
 *fill*         0x0800ab07        0x1 
 .rodata.DefaultTask.str1.4
                0x0800ab08        0xb ./Core/Src/freertos.o
 *fill*         0x0800ab13        0x1 
 .rodata.Display_Task.str1.4
                0x0800ab14        0xc ./Core/Src/freertos.o
 .rodata.max30102_plot.str1.4
                0x0800ab20        0x9 ./Core/Src/freertos.o
 *fill*         0x0800ab29        0x3 
 .rodata.str1.4
                0x0800ab2c       0x20 ./Core/Src/freertos.o
 .rodata.Display_Event_attributes
                0x0800ab4c       0x10 ./Core/Src/freertos.o
                0x0800ab4c                Display_Event_attributes
 .rodata.LCD_attributes
                0x0800ab5c       0x24 ./Core/Src/freertos.o
                0x0800ab5c                LCD_attributes
 .rodata.defaultTask_attributes
                0x0800ab80       0x24 ./Core/Src/freertos.o
                0x0800ab80                defaultTask_attributes
 .rodata.ILI9341_Init.str1.4
                0x0800aba4       0x13 ./Core/Src/lcd.o
 *fill*         0x0800abb7        0x1 
 .rodata.APBPrescTable
                0x0800abb8        0x8 ./Core/Src/system_stm32f1xx.o
                0x0800abb8                APBPrescTable
 .rodata.AHBPrescTable
                0x0800abc0       0x10 ./Core/Src/system_stm32f1xx.o
                0x0800abc0                AHBPrescTable
 .rodata.HAL_ADC_PollForConversion.str1.4
                0x0800abd0       0x38 ./Drivers/STM32F1xx_HAL_Driver/Src/stm32f1xx_hal_adc.o
 .rodata.HAL_NVIC_SetPriorityGrouping.str1.4
                0x0800ac08       0x3b ./Drivers/STM32F1xx_HAL_Driver/Src/stm32f1xx_hal_cortex.o
 *fill*         0x0800ac43        0x1 
 .rodata.HAL_DMA_Init.str1.4
                0x0800ac44       0x38 ./Drivers/STM32F1xx_HAL_Driver/Src/stm32f1xx_hal_dma.o
 .rodata.HAL_GPIO_Init.str1.4
                0x0800ac7c       0x39 ./Drivers/STM32F1xx_HAL_Driver/Src/stm32f1xx_hal_gpio.o
 *fill*         0x0800acb5        0x3 
 .rodata.HAL_I2C_Init.str1.4
                0x0800acb8       0x38 ./Drivers/STM32F1xx_HAL_Driver/Src/stm32f1xx_hal_i2c.o
 .rodata.HAL_RCC_OscConfig.str1.4
                0x0800acf0       0x38 ./Drivers/STM32F1xx_HAL_Driver/Src/stm32f1xx_hal_rcc.o
 .rodata.aPredivFactorTable.0
                0x0800ad28        0x2 ./Drivers/STM32F1xx_HAL_Driver/Src/stm32f1xx_hal_rcc.o
 *fill*         0x0800ad2a        0x2 
 .rodata.aPLLMULFactorTable.1
                0x0800ad2c       0x10 ./Drivers/STM32F1xx_HAL_Driver/Src/stm32f1xx_hal_rcc.o
 .rodata.HAL_RCCEx_PeriphCLKConfig.str1.4
                0x0800ad3c       0x3b ./Drivers/STM32F1xx_HAL_Driver/Src/stm32f1xx_hal_rcc_ex.o
 *fill*         0x0800ad77        0x1 
 .rodata.HAL_SPI_Init.str1.4
                0x0800ad78       0x38 ./Drivers/STM32F1xx_HAL_Driver/Src/stm32f1xx_hal_spi.o
 .rodata.TIM_OC1_SetConfig.str1.4
                0x0800adb0       0x38 ./Drivers/STM32F1xx_HAL_Driver/Src/stm32f1xx_hal_tim.o
 .rodata.UART_SetConfig.str1.4
                0x0800ade8       0x39 ./Drivers/STM32F1xx_HAL_Driver/Src/stm32f1xx_hal_uart.o
 *fill*         0x0800ae21        0x3 
 .rodata.vTaskStartScheduler.str1.4
                0x0800ae24        0x5 ./Middlewares/Third_Party/FreeRTOS/Source/tasks.o
 *fill*         0x0800ae29        0x3 
 .rodata.prvCheckForValidListAndQueue.str1.4
                0x0800ae2c        0x5 ./Middlewares/Third_Party/FreeRTOS/Source/timers.o
 *fill*         0x0800ae31        0x3 
 .rodata.xTimerCreateTimerTask.str1.4
                0x0800ae34        0x8 ./Middlewares/Third_Party/FreeRTOS/Source/timers.o
 .rodata._printf_float.str1.1
                0x0800ae3c       0x12 c:/gcc-arm-none-eabi/bin/../lib/gcc/arm-none-eabi/12.3.1/thumb/v7-m/nofp\libc_nano.a(libc_a-nano-vfprintf_float.o)
 .rodata._printf_i.str1.1
                0x0800ae4e       0x22 c:/gcc-arm-none-eabi/bin/../lib/gcc/arm-none-eabi/12.3.1/thumb/v7-m/nofp\libc_nano.a(libc_a-nano-vfprintf_i.o)
 .rodata._setlocale_r.str1.1
                0x0800ae70        0x8 c:/gcc-arm-none-eabi/bin/../lib/gcc/arm-none-eabi/12.3.1/thumb/v7-m/nofp\libc_nano.a(libc_a-locale.o)
                                  0x9 (size before relaxing)
 .rodata.str1.1
                0x0800ae78        0x2 c:/gcc-arm-none-eabi/bin/../lib/gcc/arm-none-eabi/12.3.1/thumb/v7-m/nofp\libc_nano.a(libc_a-locale.o)
 .rodata._dtoa_r.str1.1
                0x0800ae7a       0x8e c:/gcc-arm-none-eabi/bin/../lib/gcc/arm-none-eabi/12.3.1/thumb/v7-m/nofp\libc_nano.a(libc_a-dtoa.o)
                                 0x90 (size before relaxing)
 .rodata._Balloc.str1.1
                0x0800af08       0x5a c:/gcc-arm-none-eabi/bin/../lib/gcc/arm-none-eabi/12.3.1/thumb/v7-m/nofp\libc_nano.a(libc_a-mprec.o)
                                 0x71 (size before relaxing)
 .rodata.__multadd.str1.1
                0x0800af62       0x11 c:/gcc-arm-none-eabi/bin/../lib/gcc/arm-none-eabi/12.3.1/thumb/v7-m/nofp\libc_nano.a(libc_a-mprec.o)
 *fill*         0x0800af62        0x2 
 .rodata.p05.0  0x0800af64        0xc c:/gcc-arm-none-eabi/bin/../lib/gcc/arm-none-eabi/12.3.1/thumb/v7-m/nofp\libc_nano.a(libc_a-mprec.o)
 .rodata.__mprec_bigtens
                0x0800af70       0x28 c:/gcc-arm-none-eabi/bin/../lib/gcc/arm-none-eabi/12.3.1/thumb/v7-m/nofp\libc_nano.a(libc_a-mprec.o)
                0x0800af70                __mprec_bigtens
 .rodata.__mprec_tens
                0x0800af98       0xc8 c:/gcc-arm-none-eabi/bin/../lib/gcc/arm-none-eabi/12.3.1/thumb/v7-m/nofp\libc_nano.a(libc_a-mprec.o)
                0x0800af98                __mprec_tens
 .rodata._ctype_
                0x0800b060      0x101 c:/gcc-arm-none-eabi/bin/../lib/gcc/arm-none-eabi/12.3.1/thumb/v7-m/nofp\libc_nano.a(libc_a-ctype_.o)
                0x0800b060                _ctype_
 .rodata._vfprintf_r.str1.1
                0x0800b161       0x11 c:/gcc-arm-none-eabi/bin/../lib/gcc/arm-none-eabi/12.3.1/thumb/v7-m/nofp\libc_nano.a(libc_a-nano-vfprintf.o)
 .rodata.__assert_func.str1.1
                0x0800b172       0x3c c:/gcc-arm-none-eabi/bin/../lib/gcc/arm-none-eabi/12.3.1/thumb/v7-m/nofp\libc_nano.a(libc_a-assert.o)
                                 0x3d (size before relaxing)
                0x0800b1b0                        . = ALIGN (0x4)
 *fill*         0x0800b1ae        0x2 

.ARM.extab      0x0800b1b0        0x0
                0x0800b1b0                        . = ALIGN (0x4)
 *(.ARM.extab* .gnu.linkonce.armextab.*)
                0x0800b1b0                        . = ALIGN (0x4)

.ARM            0x0800b1b0        0x8
                0x0800b1b0                        . = ALIGN (0x4)
                0x0800b1b0                        __exidx_start = .
 *(.ARM.exidx*)
 .ARM.exidx     0x0800b1b0        0x8 c:/gcc-arm-none-eabi/bin/../lib/gcc/arm-none-eabi/12.3.1/thumb/v7-m/nofp\libc_nano.a(libc_a-strlen.o)
                0x0800b1b8                        __exidx_end = .
                0x0800b1b8                        . = ALIGN (0x4)

.rel.dyn        0x0800b1b8        0x0
 .rel.iplt      0x0800b1b8        0x0 c:/gcc-arm-none-eabi/bin/../lib/gcc/arm-none-eabi/12.3.1/thumb/v7-m/nofp/crtbegin.o

.preinit_array  0x0800b1b8        0x0
                0x0800b1b8                        . = ALIGN (0x4)
                0x0800b1b8                        PROVIDE (__preinit_array_start = .)
 *(.preinit_array*)
                0x0800b1b8                        PROVIDE (__preinit_array_end = .)
                0x0800b1b8                        . = ALIGN (0x4)

.init_array     0x0800b1b8        0x4
                0x0800b1b8                        . = ALIGN (0x4)
                0x0800b1b8                        PROVIDE (__init_array_start = .)
 *(SORT_BY_NAME(.init_array.*))
 *(.init_array*)
 .init_array    0x0800b1b8        0x4 c:/gcc-arm-none-eabi/bin/../lib/gcc/arm-none-eabi/12.3.1/thumb/v7-m/nofp/crtbegin.o
                0x0800b1bc                        PROVIDE (__init_array_end = .)
                0x0800b1bc                        . = ALIGN (0x4)

.fini_array     0x0800b1bc        0x4
                0x0800b1bc                        . = ALIGN (0x4)
                [!provide]                        PROVIDE (__fini_array_start = .)
 *(SORT_BY_NAME(.fini_array.*))
 *(.fini_array*)
 .fini_array    0x0800b1bc        0x4 c:/gcc-arm-none-eabi/bin/../lib/gcc/arm-none-eabi/12.3.1/thumb/v7-m/nofp/crtbegin.o
                [!provide]                        PROVIDE (__fini_array_end = .)
                0x0800b1c0                        . = ALIGN (0x4)
                0x0800b1c0                        _sidata = LOADADDR (.data)

.data           0x20000000      0x1d8 load address 0x0800b1c0
                0x20000000                        . = ALIGN (0x4)
                0x20000000                        _sdata = .
 *(.data)
 *(.data*)
 .data.SystemCoreClock
                0x20000000        0x4 ./Core/Src/system_stm32f1xx.o
                0x20000000                SystemCoreClock
 .data.uwTickFreq
                0x20000004        0x1 ./Drivers/STM32F1xx_HAL_Driver/Src/stm32f1xx_hal.o
                0x20000004                uwTickFreq
 *fill*         0x20000005        0x3 
 .data.uwTickPrio
                0x20000008        0x4 ./Drivers/STM32F1xx_HAL_Driver/Src/stm32f1xx_hal.o
                0x20000008                uwTickPrio
 .data.uxCriticalNesting
                0x2000000c        0x4 ./Middlewares/Third_Party/FreeRTOS/Source/portable/GCC/ARM_CM3/port.o
 .data.__sglue  0x20000010        0xc c:/gcc-arm-none-eabi/bin/../lib/gcc/arm-none-eabi/12.3.1/thumb/v7-m/nofp\libc_nano.a(libc_a-findfp.o)
                0x20000010                __sglue
 .data.__global_locale
                0x2000001c      0x16c c:/gcc-arm-none-eabi/bin/../lib/gcc/arm-none-eabi/12.3.1/thumb/v7-m/nofp\libc_nano.a(libc_a-locale.o)
                0x2000001c                __global_locale
 .data._impure_ptr
                0x20000188        0x4 c:/gcc-arm-none-eabi/bin/../lib/gcc/arm-none-eabi/12.3.1/thumb/v7-m/nofp\libc_nano.a(libc_a-impure.o)
                0x20000188                _impure_ptr
 .data._impure_data
                0x2000018c       0x4c c:/gcc-arm-none-eabi/bin/../lib/gcc/arm-none-eabi/12.3.1/thumb/v7-m/nofp\libc_nano.a(libc_a-impure.o)
                0x2000018c                _impure_data
 *(.RamFunc)
 *(.RamFunc*)
                0x200001d8                        . = ALIGN (0x4)
                0x200001d8                        _edata = .

.tm_clone_table
                0x200001d8        0x0 load address 0x0800b398
 .tm_clone_table
                0x200001d8        0x0 c:/gcc-arm-none-eabi/bin/../lib/gcc/arm-none-eabi/12.3.1/thumb/v7-m/nofp/crtbegin.o
 .tm_clone_table
                0x200001d8        0x0 c:/gcc-arm-none-eabi/bin/../lib/gcc/arm-none-eabi/12.3.1/thumb/v7-m/nofp/crtend.o

.igot.plt       0x200001d8        0x0 load address 0x0800b398
 .igot.plt      0x200001d8        0x0 c:/gcc-arm-none-eabi/bin/../lib/gcc/arm-none-eabi/12.3.1/thumb/v7-m/nofp/crtbegin.o
                0x200001d8                        . = ALIGN (0x4)

.bss            0x200001d8     0x3b04 load address 0x0800b398
                0x200001d8                        _sbss = .
                0x200001d8                        __bss_start__ = _sbss
 *(.bss)
 *(.bss*)
 .bss.completed.1
                0x200001d8        0x1 c:/gcc-arm-none-eabi/bin/../lib/gcc/arm-none-eabi/12.3.1/thumb/v7-m/nofp/crtbegin.o
 *fill*         0x200001d9        0x3 
 .bss.object.0  0x200001dc       0x18 c:/gcc-arm-none-eabi/bin/../lib/gcc/arm-none-eabi/12.3.1/thumb/v7-m/nofp/crtbegin.o
 *fill*         0x200001f4        0x4 
 .bss.hdma_adc1
                0x200001f8       0x44 ./Core/Src/adc.o
                0x200001f8                hdma_adc1
 *fill*         0x2000023c        0x4 
 .bss.hadc1     0x20000240       0x30 ./Core/Src/adc.o
                0x20000240                hadc1
 .bss.Display_EventHandle
                0x20000270        0x4 ./Core/Src/freertos.o
                0x20000270                Display_EventHandle
 .bss.LCDHandle
                0x20000274        0x4 ./Core/Src/freertos.o
                0x20000274                LCDHandle
 .bss.defaultTaskHandle
                0x20000278        0x4 ./Core/Src/freertos.o
                0x20000278                defaultTaskHandle
 .bss.max30102  0x2000027c      0x108 ./Core/Src/freertos.o
                0x2000027c                max30102
 *fill*         0x20000384        0x4 
 .bss.hi2c1     0x20000388       0x54 ./Core/Src/i2c.o
                0x20000388                hi2c1
 .bss.evt_id    0x200003dc        0x4 ./Core/Src/lcd.o
 .bss.hdma_spi2_tx
                0x200003e0       0x44 ./Core/Src/spi.o
                0x200003e0                hdma_spi2_tx
 *fill*         0x20000424        0x4 
 .bss.hspi2     0x20000428       0x58 ./Core/Src/spi.o
                0x20000428                hspi2
 .bss.hspi1     0x20000480       0x58 ./Core/Src/spi.o
                0x20000480                hspi1
 .bss.htim7     0x200004d8       0x48 ./Core/Src/stm32f1xx_hal_timebase_tim.o
                0x200004d8                htim7
 .bss.__sbrk_heap_end
                0x20000520        0x4 ./Core/Src/sysmem.o
 *fill*         0x20000524        0x4 
 .bss.huart3    0x20000528       0x48 ./Core/Src/usart.o
                0x20000528                huart3
 .bss.huart2    0x20000570       0x48 ./Core/Src/usart.o
                0x20000570                huart2
 .bss.huart1    0x200005b8       0x48 ./Core/Src/usart.o
                0x200005b8                huart1
 .bss.huart4    0x20000600       0x48 ./Core/Src/usart.o
                0x20000600                huart4
 .bss.uwTick    0x20000648        0x4 ./Drivers/STM32F1xx_HAL_Driver/Src/stm32f1xx_hal.o
                0x20000648                uwTick
 .bss.Timer_Stack
                0x2000064c      0x400 ./Middlewares/Third_Party/FreeRTOS/Source/CMSIS_RTOS_V2/cmsis_os2.o
 .bss.Timer_TCB
                0x20000a4c       0x5c ./Middlewares/Third_Party/FreeRTOS/Source/CMSIS_RTOS_V2/cmsis_os2.o
 .bss.Idle_Stack
                0x20000aa8      0x200 ./Middlewares/Third_Party/FreeRTOS/Source/CMSIS_RTOS_V2/cmsis_os2.o
 .bss.Idle_TCB  0x20000ca8       0x5c ./Middlewares/Third_Party/FreeRTOS/Source/CMSIS_RTOS_V2/cmsis_os2.o
 .bss.KernelState
                0x20000d04        0x4 ./Middlewares/Third_Party/FreeRTOS/Source/CMSIS_RTOS_V2/cmsis_os2.o
 .bss.xQueueRegistry
                0x20000d08       0x40 ./Middlewares/Third_Party/FreeRTOS/Source/queue.o
                0x20000d08                xQueueRegistry
 .bss.uxSchedulerSuspended
                0x20000d48        0x4 ./Middlewares/Third_Party/FreeRTOS/Source/tasks.o
 .bss.xNextTaskUnblockTime
                0x20000d4c        0x4 ./Middlewares/Third_Party/FreeRTOS/Source/tasks.o
 .bss.uxTaskNumber
                0x20000d50        0x4 ./Middlewares/Third_Party/FreeRTOS/Source/tasks.o
 .bss.xNumOfOverflows
                0x20000d54        0x4 ./Middlewares/Third_Party/FreeRTOS/Source/tasks.o
 .bss.xYieldPending
                0x20000d58        0x4 ./Middlewares/Third_Party/FreeRTOS/Source/tasks.o
 .bss.uxPendedTicks
                0x20000d5c        0x4 ./Middlewares/Third_Party/FreeRTOS/Source/tasks.o
 .bss.xSchedulerRunning
                0x20000d60        0x4 ./Middlewares/Third_Party/FreeRTOS/Source/tasks.o
 .bss.uxTopReadyPriority
                0x20000d64        0x4 ./Middlewares/Third_Party/FreeRTOS/Source/tasks.o
 .bss.xTickCount
                0x20000d68        0x4 ./Middlewares/Third_Party/FreeRTOS/Source/tasks.o
 .bss.uxCurrentNumberOfTasks
                0x20000d6c        0x4 ./Middlewares/Third_Party/FreeRTOS/Source/tasks.o
 .bss.xSuspendedTaskList
                0x20000d70       0x14 ./Middlewares/Third_Party/FreeRTOS/Source/tasks.o
 .bss.uxDeletedTasksWaitingCleanUp
                0x20000d84        0x4 ./Middlewares/Third_Party/FreeRTOS/Source/tasks.o
 .bss.xTasksWaitingTermination
                0x20000d88       0x14 ./Middlewares/Third_Party/FreeRTOS/Source/tasks.o
 .bss.xPendingReadyList
                0x20000d9c       0x14 ./Middlewares/Third_Party/FreeRTOS/Source/tasks.o
 .bss.pxOverflowDelayedTaskList
                0x20000db0        0x4 ./Middlewares/Third_Party/FreeRTOS/Source/tasks.o
 .bss.pxDelayedTaskList
                0x20000db4        0x4 ./Middlewares/Third_Party/FreeRTOS/Source/tasks.o
 .bss.xDelayedTaskList2
                0x20000db8       0x14 ./Middlewares/Third_Party/FreeRTOS/Source/tasks.o
 .bss.xDelayedTaskList1
                0x20000dcc       0x14 ./Middlewares/Third_Party/FreeRTOS/Source/tasks.o
 .bss.pxReadyTasksLists
                0x20000de0      0x460 ./Middlewares/Third_Party/FreeRTOS/Source/tasks.o
 .bss.pxCurrentTCB
                0x20001240        0x4 ./Middlewares/Third_Party/FreeRTOS/Source/tasks.o
                0x20001240                pxCurrentTCB
 .bss.xStaticTimerQueue.0
                0x20001244       0x50 ./Middlewares/Third_Party/FreeRTOS/Source/timers.o
 .bss.ucStaticTimerQueueStorage.1
                0x20001294       0xa0 ./Middlewares/Third_Party/FreeRTOS/Source/timers.o
 .bss.xLastTime.2
                0x20001334        0x4 ./Middlewares/Third_Party/FreeRTOS/Source/timers.o
 .bss.xTimerTaskHandle
                0x20001338        0x4 ./Middlewares/Third_Party/FreeRTOS/Source/timers.o
 .bss.xTimerQueue
                0x2000133c        0x4 ./Middlewares/Third_Party/FreeRTOS/Source/timers.o
 .bss.pxOverflowTimerList
                0x20001340        0x4 ./Middlewares/Third_Party/FreeRTOS/Source/timers.o
 .bss.pxCurrentTimerList
                0x20001344        0x4 ./Middlewares/Third_Party/FreeRTOS/Source/timers.o
 .bss.xActiveTimerList2
                0x20001348       0x14 ./Middlewares/Third_Party/FreeRTOS/Source/timers.o
 .bss.xActiveTimerList1
                0x2000135c       0x14 ./Middlewares/Third_Party/FreeRTOS/Source/timers.o
 .bss.ulMaxPRIGROUPValue
                0x20001370        0x4 ./Middlewares/Third_Party/FreeRTOS/Source/portable/GCC/ARM_CM3/port.o
 .bss.ucMaxSysCallPriority
                0x20001374        0x1 ./Middlewares/Third_Party/FreeRTOS/Source/portable/GCC/ARM_CM3/port.o
 *fill*         0x20001375        0x3 
 .bss.xBlockAllocatedBit
                0x20001378        0x4 ./Middlewares/Third_Party/FreeRTOS/Source/portable/MemMang/heap_4.o
 .bss.xMinimumEverFreeBytesRemaining
                0x2000137c        0x4 ./Middlewares/Third_Party/FreeRTOS/Source/portable/MemMang/heap_4.o
 .bss.xFreeBytesRemaining
                0x20001380        0x4 ./Middlewares/Third_Party/FreeRTOS/Source/portable/MemMang/heap_4.o
 .bss.pxEnd     0x20001384        0x4 ./Middlewares/Third_Party/FreeRTOS/Source/portable/MemMang/heap_4.o
 .bss.xStart    0x20001388        0x8 ./Middlewares/Third_Party/FreeRTOS/Source/portable/MemMang/heap_4.o
 .bss.ucHeap    0x20001390     0x2800 ./Middlewares/Third_Party/FreeRTOS/Source/portable/MemMang/heap_4.o
 .bss.__malloc_sbrk_start
                0x20003b90        0x4 c:/gcc-arm-none-eabi/bin/../lib/gcc/arm-none-eabi/12.3.1/thumb/v7-m/nofp\libc_nano.a(libc_a-mallocr.o)
                0x20003b90                __malloc_sbrk_start
 .bss.__malloc_free_list
                0x20003b94        0x4 c:/gcc-arm-none-eabi/bin/../lib/gcc/arm-none-eabi/12.3.1/thumb/v7-m/nofp\libc_nano.a(libc_a-mallocr.o)
                0x20003b94                __malloc_free_list
 .bss.__sf      0x20003b98      0x138 c:/gcc-arm-none-eabi/bin/../lib/gcc/arm-none-eabi/12.3.1/thumb/v7-m/nofp\libc_nano.a(libc_a-findfp.o)
                0x20003b98                __sf
 .bss.__stdio_exit_handler
                0x20003cd0        0x4 c:/gcc-arm-none-eabi/bin/../lib/gcc/arm-none-eabi/12.3.1/thumb/v7-m/nofp\libc_nano.a(libc_a-findfp.o)
                0x20003cd0                __stdio_exit_handler
 .bss.errno     0x20003cd4        0x4 c:/gcc-arm-none-eabi/bin/../lib/gcc/arm-none-eabi/12.3.1/thumb/v7-m/nofp\libc_nano.a(libc_a-reent.o)
                0x20003cd4                errno
 .bss.__lock___malloc_recursive_mutex
                0x20003cd8        0x1 c:/gcc-arm-none-eabi/bin/../lib/gcc/arm-none-eabi/12.3.1/thumb/v7-m/nofp\libc_nano.a(libc_a-lock.o)
                0x20003cd8                __lock___malloc_recursive_mutex
 .bss.__lock___sfp_recursive_mutex
                0x20003cd9        0x1 c:/gcc-arm-none-eabi/bin/../lib/gcc/arm-none-eabi/12.3.1/thumb/v7-m/nofp\libc_nano.a(libc_a-lock.o)
                0x20003cd9                __lock___sfp_recursive_mutex
 *(COMMON)
                0x20003cdc                        . = ALIGN (0x4)
 *fill*         0x20003cda        0x2 
                0x20003cdc                        _ebss = .
                0x20003cdc                        __bss_end__ = _ebss

._user_heap_stack
                0x20003cdc      0x604 load address 0x0800b398
                0x20003ce0                        . = ALIGN (0x8)
 *fill*         0x20003cdc        0x4 
                [!provide]                        PROVIDE (end = .)
                0x20003ce0                        PROVIDE (_end = .)
                0x20003ee0                        . = (. + _Min_Heap_Size)
 *fill*         0x20003ce0      0x200 
                0x200042e0                        . = (. + _Min_Stack_Size)
 *fill*         0x20003ee0      0x400 
                0x200042e0                        . = ALIGN (0x8)

/DISCARD/
 libc.a(*)
 libm.a(*)
 libgcc.a(*)

.ARM.attributes
                0x00000000       0x29
 *(.ARM.attributes)
 .ARM.attributes
                0x00000000       0x1d c:/gcc-arm-none-eabi/bin/../lib/gcc/arm-none-eabi/12.3.1/thumb/v7-m/nofp/crti.o
 .ARM.attributes
                0x0000001d       0x2d c:/gcc-arm-none-eabi/bin/../lib/gcc/arm-none-eabi/12.3.1/thumb/v7-m/nofp/crtbegin.o
 .ARM.attributes
                0x0000004a       0x2d ./Core/Src/adc.o
 .ARM.attributes
                0x00000077       0x2d ./Core/Src/dma.o
 .ARM.attributes
                0x000000a4       0x2d ./Core/Src/freertos.o
 .ARM.attributes
                0x000000d1       0x2d ./Core/Src/gpio.o
 .ARM.attributes
                0x000000fe       0x2d ./Core/Src/i2c.o
 .ARM.attributes
                0x0000012b       0x2d ./Core/Src/lcd.o
 .ARM.attributes
                0x00000158       0x2d ./Core/Src/main.o
 .ARM.attributes
                0x00000185       0x2d ./Core/Src/max30102.o
 .ARM.attributes
                0x000001b2       0x2d ./Core/Src/spi.o
 .ARM.attributes
                0x000001df       0x2d ./Core/Src/stm32f1xx_hal_msp.o
 .ARM.attributes
                0x0000020c       0x2d ./Core/Src/stm32f1xx_hal_timebase_tim.o
 .ARM.attributes
                0x00000239       0x2d ./Core/Src/stm32f1xx_it.o
 .ARM.attributes
                0x00000266       0x2d ./Core/Src/syscalls.o
 .ARM.attributes
                0x00000293       0x2d ./Core/Src/sysmem.o
 .ARM.attributes
                0x000002c0       0x2d ./Core/Src/system_stm32f1xx.o
 .ARM.attributes
                0x000002ed       0x2d ./Core/Src/usart.o
 .ARM.attributes
                0x0000031a       0x21 ./Core/Startup/startup_stm32f103rctx.o
 .ARM.attributes
                0x0000033b       0x2d ./Drivers/STM32F1xx_HAL_Driver/Src/stm32f1xx_hal.o
 .ARM.attributes
                0x00000368       0x2d ./Drivers/STM32F1xx_HAL_Driver/Src/stm32f1xx_hal_adc.o
 .ARM.attributes
                0x00000395       0x2d ./Drivers/STM32F1xx_HAL_Driver/Src/stm32f1xx_hal_cortex.o
 .ARM.attributes
                0x000003c2       0x2d ./Drivers/STM32F1xx_HAL_Driver/Src/stm32f1xx_hal_dma.o
 .ARM.attributes
                0x000003ef       0x2d ./Drivers/STM32F1xx_HAL_Driver/Src/stm32f1xx_hal_gpio.o
 .ARM.attributes
                0x0000041c       0x2d ./Drivers/STM32F1xx_HAL_Driver/Src/stm32f1xx_hal_i2c.o
 .ARM.attributes
                0x00000449       0x2d ./Drivers/STM32F1xx_HAL_Driver/Src/stm32f1xx_hal_rcc.o
 .ARM.attributes
                0x00000476       0x2d ./Drivers/STM32F1xx_HAL_Driver/Src/stm32f1xx_hal_rcc_ex.o
 .ARM.attributes
                0x000004a3       0x2d ./Drivers/STM32F1xx_HAL_Driver/Src/stm32f1xx_hal_spi.o
 .ARM.attributes
                0x000004d0       0x2d ./Drivers/STM32F1xx_HAL_Driver/Src/stm32f1xx_hal_tim.o
 .ARM.attributes
                0x000004fd       0x2d ./Drivers/STM32F1xx_HAL_Driver/Src/stm32f1xx_hal_tim_ex.o
 .ARM.attributes
                0x0000052a       0x2d ./Drivers/STM32F1xx_HAL_Driver/Src/stm32f1xx_hal_uart.o
 .ARM.attributes
                0x00000557       0x2d ./Middlewares/Third_Party/FreeRTOS/Source/CMSIS_RTOS_V2/cmsis_os2.o
 .ARM.attributes
                0x00000584       0x2d ./Middlewares/Third_Party/FreeRTOS/Source/event_groups.o
 .ARM.attributes
                0x000005b1       0x2d ./Middlewares/Third_Party/FreeRTOS/Source/list.o
 .ARM.attributes
                0x000005de       0x2d ./Middlewares/Third_Party/FreeRTOS/Source/queue.o
 .ARM.attributes
                0x0000060b       0x2d ./Middlewares/Third_Party/FreeRTOS/Source/tasks.o
 .ARM.attributes
                0x00000638       0x2d ./Middlewares/Third_Party/FreeRTOS/Source/timers.o
 .ARM.attributes
                0x00000665       0x2d ./Middlewares/Third_Party/FreeRTOS/Source/portable/GCC/ARM_CM3/port.o
 .ARM.attributes
                0x00000692       0x2d ./Middlewares/Third_Party/FreeRTOS/Source/portable/MemMang/heap_4.o
 .ARM.attributes
                0x000006bf       0x2d c:/gcc-arm-none-eabi/bin/../lib/gcc/arm-none-eabi/12.3.1/thumb/v7-m/nofp\libc_nano.a(libc_a-malloc.o)
 .ARM.attributes
                0x000006ec       0x2d c:/gcc-arm-none-eabi/bin/../lib/gcc/arm-none-eabi/12.3.1/thumb/v7-m/nofp\libc_nano.a(libc_a-mallocr.o)
 .ARM.attributes
                0x00000719       0x2d c:/gcc-arm-none-eabi/bin/../lib/gcc/arm-none-eabi/12.3.1/thumb/v7-m/nofp\libc_nano.a(libc_a-mlock.o)
 .ARM.attributes
                0x00000746       0x2d c:/gcc-arm-none-eabi/bin/../lib/gcc/arm-none-eabi/12.3.1/thumb/v7-m/nofp\libc_nano.a(libc_a-nano-vfprintf_float.o)
 .ARM.attributes
                0x00000773       0x2d c:/gcc-arm-none-eabi/bin/../lib/gcc/arm-none-eabi/12.3.1/thumb/v7-m/nofp\libc_nano.a(libc_a-nano-vfprintf_i.o)
 .ARM.attributes
                0x000007a0       0x2d c:/gcc-arm-none-eabi/bin/../lib/gcc/arm-none-eabi/12.3.1/thumb/v7-m/nofp\libc_nano.a(libc_a-findfp.o)
 .ARM.attributes
                0x000007cd       0x2d c:/gcc-arm-none-eabi/bin/../lib/gcc/arm-none-eabi/12.3.1/thumb/v7-m/nofp\libc_nano.a(libc_a-fwalk.o)
 .ARM.attributes
                0x000007fa       0x2d c:/gcc-arm-none-eabi/bin/../lib/gcc/arm-none-eabi/12.3.1/thumb/v7-m/nofp\libc_nano.a(libc_a-printf.o)
 .ARM.attributes
                0x00000827       0x2d c:/gcc-arm-none-eabi/bin/../lib/gcc/arm-none-eabi/12.3.1/thumb/v7-m/nofp\libc_nano.a(libc_a-puts.o)
 .ARM.attributes
                0x00000854       0x2d c:/gcc-arm-none-eabi/bin/../lib/gcc/arm-none-eabi/12.3.1/thumb/v7-m/nofp\libc_nano.a(libc_a-stdio.o)
 .ARM.attributes
                0x00000881       0x2d c:/gcc-arm-none-eabi/bin/../lib/gcc/arm-none-eabi/12.3.1/thumb/v7-m/nofp\libc_nano.a(libc_a-wbuf.o)
 .ARM.attributes
                0x000008ae       0x2d c:/gcc-arm-none-eabi/bin/../lib/gcc/arm-none-eabi/12.3.1/thumb/v7-m/nofp\libc_nano.a(libc_a-wsetup.o)
 .ARM.attributes
                0x000008db       0x2d c:/gcc-arm-none-eabi/bin/../lib/gcc/arm-none-eabi/12.3.1/thumb/v7-m/nofp\libc_nano.a(libc_a-memset.o)
 .ARM.attributes
                0x00000908       0x2d c:/gcc-arm-none-eabi/bin/../lib/gcc/arm-none-eabi/12.3.1/thumb/v7-m/nofp\libc_nano.a(libc_a-locale.o)
 .ARM.attributes
                0x00000935       0x2d c:/gcc-arm-none-eabi/bin/../lib/gcc/arm-none-eabi/12.3.1/thumb/v7-m/nofp\libc_nano.a(libc_a-localeconv.o)
 .ARM.attributes
                0x00000962       0x2d c:/gcc-arm-none-eabi/bin/../lib/gcc/arm-none-eabi/12.3.1/thumb/v7-m/nofp\libc_nano.a(libc_a-closer.o)
 .ARM.attributes
                0x0000098f       0x2d c:/gcc-arm-none-eabi/bin/../lib/gcc/arm-none-eabi/12.3.1/thumb/v7-m/nofp\libc_nano.a(libc_a-reent.o)
 .ARM.attributes
                0x000009bc       0x2d c:/gcc-arm-none-eabi/bin/../lib/gcc/arm-none-eabi/12.3.1/thumb/v7-m/nofp\libc_nano.a(libc_a-impure.o)
 .ARM.attributes
                0x000009e9       0x2d c:/gcc-arm-none-eabi/bin/../lib/gcc/arm-none-eabi/12.3.1/thumb/v7-m/nofp\libc_nano.a(libc_a-lseekr.o)
 .ARM.attributes
                0x00000a16       0x2d c:/gcc-arm-none-eabi/bin/../lib/gcc/arm-none-eabi/12.3.1/thumb/v7-m/nofp\libc_nano.a(libc_a-readr.o)
 .ARM.attributes
                0x00000a43       0x2d c:/gcc-arm-none-eabi/bin/../lib/gcc/arm-none-eabi/12.3.1/thumb/v7-m/nofp\libc_nano.a(libc_a-sbrkr.o)
 .ARM.attributes
                0x00000a70       0x2d c:/gcc-arm-none-eabi/bin/../lib/gcc/arm-none-eabi/12.3.1/thumb/v7-m/nofp\libc_nano.a(libc_a-writer.o)
 .ARM.attributes
                0x00000a9d       0x2d c:/gcc-arm-none-eabi/bin/../lib/gcc/arm-none-eabi/12.3.1/thumb/v7-m/nofp\libc_nano.a(libc_a-errno.o)
 .ARM.attributes
                0x00000aca       0x2d c:/gcc-arm-none-eabi/bin/../lib/gcc/arm-none-eabi/12.3.1/thumb/v7-m/nofp\libc_nano.a(libc_a-init.o)
 .ARM.attributes
                0x00000af7       0x2d c:/gcc-arm-none-eabi/bin/../lib/gcc/arm-none-eabi/12.3.1/thumb/v7-m/nofp\libc_nano.a(libc_a-lock.o)
 .ARM.attributes
                0x00000b24       0x2d c:/gcc-arm-none-eabi/bin/../lib/gcc/arm-none-eabi/12.3.1/thumb/v7-m/nofp\libc_nano.a(libc_a-memchr-stub.o)
 .ARM.attributes
                0x00000b51       0x2d c:/gcc-arm-none-eabi/bin/../lib/gcc/arm-none-eabi/12.3.1/thumb/v7-m/nofp\libc_nano.a(libc_a-memcpy-stub.o)
 .ARM.attributes
                0x00000b7e       0x17 c:/gcc-arm-none-eabi/bin/../lib/gcc/arm-none-eabi/12.3.1/thumb/v7-m/nofp\libc_nano.a(libc_a-strlen.o)
 .ARM.attributes
                0x00000b95       0x2d c:/gcc-arm-none-eabi/bin/../lib/gcc/arm-none-eabi/12.3.1/thumb/v7-m/nofp\libc_nano.a(libc_a-dtoa.o)
 .ARM.attributes
                0x00000bc2       0x2d c:/gcc-arm-none-eabi/bin/../lib/gcc/arm-none-eabi/12.3.1/thumb/v7-m/nofp\libc_nano.a(libc_a-freer.o)
 .ARM.attributes
                0x00000bef       0x2d c:/gcc-arm-none-eabi/bin/../lib/gcc/arm-none-eabi/12.3.1/thumb/v7-m/nofp\libc_nano.a(libc_a-mbtowc_r.o)
 .ARM.attributes
                0x00000c1c       0x2d c:/gcc-arm-none-eabi/bin/../lib/gcc/arm-none-eabi/12.3.1/thumb/v7-m/nofp\libc_nano.a(libc_a-mprec.o)
 .ARM.attributes
                0x00000c49       0x2d c:/gcc-arm-none-eabi/bin/../lib/gcc/arm-none-eabi/12.3.1/thumb/v7-m/nofp\libc_nano.a(libc_a-wctomb_r.o)
 .ARM.attributes
                0x00000c76       0x2d c:/gcc-arm-none-eabi/bin/../lib/gcc/arm-none-eabi/12.3.1/thumb/v7-m/nofp\libc_nano.a(libc_a-ctype_.o)
 .ARM.attributes
                0x00000ca3       0x2d c:/gcc-arm-none-eabi/bin/../lib/gcc/arm-none-eabi/12.3.1/thumb/v7-m/nofp\libc_nano.a(libc_a-nano-vfprintf.o)
 .ARM.attributes