../Core/Src/lcd.c:84:13:ILI9341_SetAddressWindow	48	static
../Core/Src/lcd.c:263:6:ILI9341_DrawPixel.part.0	32	static
../Core/Src/lcd.c:388:6:ILI9341_FillRectangle.part.0	48	static
../Core/Src/lcd.c:9:13:ILI9341_LCD_LED	0	static
../Core/Src/lcd.c:27:13:ILI9341_Unselect	0	static
../Core/Src/lcd.c:78:6:HAL_SPI_TxCpltCallback	0	static
../Core/Src/lcd.c:104:6:ILI9341_Init	56	static
../Core/Src/lcd.c:263:6:ILI9341_DrawPixel	0	static
../Core/Src/lcd.c:277:6:ILI9341_DrawLine	56	static
../Core/Src/lcd.c:353:6:ILI9341_WriteString	88	static
../Core/Src/lcd.c:380:6:ILI9341_DrawRectangle	32	static
../Core/Src/lcd.c:388:6:ILI9341_FillRectangle	4	static
../Core/Src/lcd.c:409:6:ILI9341_FillScreen	16	static
../Core/Src/lcd.c:414:6:ILI9341_DrawImage	24	static
../Core/Src/lcd.c:426:6:ILI9341_InvertColors	24	static
../Core/Src/lcd.c:433:6:ILI9341_DrawTriangle	40	static
../Core/Src/lcd.c:448:6:ILI9341_FillTriangle	80	static
../Core/Src/lcd.c:557:6:ILI9341_DrawCircle	80	static
../Core/Src/lcd.c:574:6:ILI9341_FillCircle	80	static
../Core/Src/lcd.c:588:6:ILI9341_PlotTimeGraph32	120	static
../Core/Src/lcd.c:652:6:ILI9341_PlotTimeGraph8	120	static
../Core/Src/lcd.c:716:13:ILI9341_DrawBitmapDMA	32	static
../Core/Src/lcd.c:724:13:Display_SetEventHandler	0	static
