../Middlewares/Third_Party/FreeRTOS/Source/timers.c:894:13:prvCheckForValidListAndQueue	32	static
../Middlewares/Third_Party/FreeRTOS/Source/timers.c:223:12:xTimerCreateTimerTask	48	static
../Middlewares/Third_Party/FreeRTOS/Source/timers.c:278:16:xTimerCreate	24	static
../Middlewares/Third_Party/FreeRTOS/Source/timers.c:310:16:xTimerCreateStatic	40	static
../Middlewares/Third_Party/FreeRTOS/Source/timers.c:381:12:xTimerGenericCommand	32	static
../Middlewares/Third_Party/FreeRTOS/Source/timers.c:835:13:prvSwitchTimerLists	32	static
../Middlewares/Third_Party/FreeRTOS/Source/timers.c:502:13:prvTimerTask	72	static
../Middlewares/Third_Party/FreeRTOS/Source/timers.c:424:14:xTimerGetTimerDaemonTaskHandle	0	static
../Middlewares/Third_Party/FreeRTOS/Source/timers.c:433:12:xTimerGetPeriod	0	static
../Middlewares/Third_Party/FreeRTOS/Source/timers.c:442:12:xTimerGetExpiryTime	0	static
../Middlewares/Third_Party/FreeRTOS/Source/timers.c:453:14:pcTimerGetName	0	static
../Middlewares/Third_Party/FreeRTOS/Source/timers.c:945:12:xTimerIsTimerActive	8	static
../Middlewares/Third_Party/FreeRTOS/Source/timers.c:966:7:pvTimerGetTimerID	8	static
../Middlewares/Third_Party/FreeRTOS/Source/timers.c:983:6:vTimerSetTimerID	16	static
../Middlewares/Third_Party/FreeRTOS/Source/timers.c:999:13:xTimerPendFunctionCallFromISR	40	static
../Middlewares/Third_Party/FreeRTOS/Source/timers.c:1023:13:xTimerPendFunctionCall	32	static
../Middlewares/Third_Party/FreeRTOS/Source/timers.c:1052:14:uxTimerGetTimerNumber	0	static
../Middlewares/Third_Party/FreeRTOS/Source/timers.c:1062:7:vTimerSetTimerNumber	0	static
